Archive member included because of file (symbol)

c:/freescale/kds_v3/toolchain/bin/../lib/gcc/arm-none-eabi/4.8.4/armv6-m\libgcc.a(_udivsi3.o)
                              ./SDK/platform/utilities/src/print_scan.o (__aeabi_uidiv)
c:/freescale/kds_v3/toolchain/bin/../lib/gcc/arm-none-eabi/4.8.4/armv6-m\libgcc.a(_divsi3.o)
                              ./SDK/platform/utilities/src/print_scan.o (__aeabi_idiv)
c:/freescale/kds_v3/toolchain/bin/../lib/gcc/arm-none-eabi/4.8.4/armv6-m\libgcc.a(_dvmd_tls.o)
                              c:/freescale/kds_v3/toolchain/bin/../lib/gcc/arm-none-eabi/4.8.4/armv6-m\libgcc.a(_udivsi3.o) (__aeabi_idiv0)
c:/freescale/kds_v3/toolchain/bin/../lib/gcc/arm-none-eabi/4.8.4/../../../../arm-none-eabi/lib/armv6-m\libg_s.a(lib_a-assert.o)
                              ./SDK/platform/system/src/interrupt/fsl_interrupt_manager.o (__assert_func)
c:/freescale/kds_v3/toolchain/bin/../lib/gcc/arm-none-eabi/4.8.4/../../../../arm-none-eabi/lib/armv6-m\libg_s.a(lib_a-errno.o)
                              ./SDK/platform/utilities/src/fsl_misc_utilities.o (__errno)
c:/freescale/kds_v3/toolchain/bin/../lib/gcc/arm-none-eabi/4.8.4/../../../../arm-none-eabi/lib/armv6-m\libg_s.a(lib_a-exit.o)
                              c:/freescale/kds_v3/toolchain/bin/../lib/gcc/arm-none-eabi/4.8.4/../../../../arm-none-eabi/lib/armv6-m/crt0.o (exit)
c:/freescale/kds_v3/toolchain/bin/../lib/gcc/arm-none-eabi/4.8.4/../../../../arm-none-eabi/lib/armv6-m\libg_s.a(lib_a-fprintf.o)
                              c:/freescale/kds_v3/toolchain/bin/../lib/gcc/arm-none-eabi/4.8.4/../../../../arm-none-eabi/lib/armv6-m\libg_s.a(lib_a-assert.o) (fiprintf)
c:/freescale/kds_v3/toolchain/bin/../lib/gcc/arm-none-eabi/4.8.4/../../../../arm-none-eabi/lib/armv6-m\libg_s.a(lib_a-impure.o)
                              c:/freescale/kds_v3/toolchain/bin/../lib/gcc/arm-none-eabi/4.8.4/../../../../arm-none-eabi/lib/armv6-m\libg_s.a(lib_a-exit.o) (_global_impure_ptr)
c:/freescale/kds_v3/toolchain/bin/../lib/gcc/arm-none-eabi/4.8.4/../../../../arm-none-eabi/lib/armv6-m\libg_s.a(lib_a-init.o)
                              c:/freescale/kds_v3/toolchain/bin/../lib/gcc/arm-none-eabi/4.8.4/../../../../arm-none-eabi/lib/armv6-m/crt0.o (__libc_init_array)
c:/freescale/kds_v3/toolchain/bin/../lib/gcc/arm-none-eabi/4.8.4/../../../../arm-none-eabi/lib/armv6-m\libg_s.a(lib_a-memcpy-stub.o)
                              ./SDK/rtos/FreeRTOS/src/queue.o (memcpy)
c:/freescale/kds_v3/toolchain/bin/../lib/gcc/arm-none-eabi/4.8.4/../../../../arm-none-eabi/lib/armv6-m\libg_s.a(lib_a-memset.o)
                              c:/freescale/kds_v3/toolchain/bin/../lib/gcc/arm-none-eabi/4.8.4/../../../../arm-none-eabi/lib/armv6-m/crt0.o (memset)
c:/freescale/kds_v3/toolchain/bin/../lib/gcc/arm-none-eabi/4.8.4/../../../../arm-none-eabi/lib/armv6-m\libg_s.a(lib_a-setjmp.o)
                              ./SDK/rtos/FreeRTOS/port/gcc/port.o (setjmp)
c:/freescale/kds_v3/toolchain/bin/../lib/gcc/arm-none-eabi/4.8.4/../../../../arm-none-eabi/lib/armv6-m\libg_s.a(lib_a-strlen.o)
                              ./SDK/platform/utilities/src/print_scan.o (strlen)
c:/freescale/kds_v3/toolchain/bin/../lib/gcc/arm-none-eabi/4.8.4/../../../../arm-none-eabi/lib/armv6-m\libg_s.a(lib_a-vfprintf.o)
                              c:/freescale/kds_v3/toolchain/bin/../lib/gcc/arm-none-eabi/4.8.4/../../../../arm-none-eabi/lib/armv6-m\libg_s.a(lib_a-fprintf.o) (_vfprintf_r)
c:/freescale/kds_v3/toolchain/bin/../lib/gcc/arm-none-eabi/4.8.4/../../../../arm-none-eabi/lib/armv6-m\libg_s.a(lib_a-vfprintf_i.o)
                              c:/freescale/kds_v3/toolchain/bin/../lib/gcc/arm-none-eabi/4.8.4/../../../../arm-none-eabi/lib/armv6-m\libg_s.a(lib_a-vfprintf.o) (_printf_i)
c:/freescale/kds_v3/toolchain/bin/../lib/gcc/arm-none-eabi/4.8.4/../../../../arm-none-eabi/lib/armv6-m\libg_s.a(lib_a-wbuf.o)
                              c:/freescale/kds_v3/toolchain/bin/../lib/gcc/arm-none-eabi/4.8.4/../../../../arm-none-eabi/lib/armv6-m\libg_s.a(lib_a-vfprintf.o) (__swbuf_r)
c:/freescale/kds_v3/toolchain/bin/../lib/gcc/arm-none-eabi/4.8.4/../../../../arm-none-eabi/lib/armv6-m\libg_s.a(lib_a-wsetup.o)
                              c:/freescale/kds_v3/toolchain/bin/../lib/gcc/arm-none-eabi/4.8.4/../../../../arm-none-eabi/lib/armv6-m\libg_s.a(lib_a-vfprintf.o) (__swsetup_r)
c:/freescale/kds_v3/toolchain/bin/../lib/gcc/arm-none-eabi/4.8.4/../../../../arm-none-eabi/lib/armv6-m\libg_s.a(lib_a-abort.o)
                              c:/freescale/kds_v3/toolchain/bin/../lib/gcc/arm-none-eabi/4.8.4/../../../../arm-none-eabi/lib/armv6-m\libg_s.a(lib_a-assert.o) (abort)
c:/freescale/kds_v3/toolchain/bin/../lib/gcc/arm-none-eabi/4.8.4/../../../../arm-none-eabi/lib/armv6-m\libg_s.a(lib_a-fflush.o)
                              c:/freescale/kds_v3/toolchain/bin/../lib/gcc/arm-none-eabi/4.8.4/../../../../arm-none-eabi/lib/armv6-m\libg_s.a(lib_a-wbuf.o) (_fflush_r)
[...]
Memory Configuration

Name             Origin             Length             Attributes
m_interrupts     0x00000000         0x00000200         xr
m_flash_config   0x00000400         0x00000010         xr
m_interrupts_ram 0x1ffff000         0x00000200         rw
m_text           0x00000410         0x0001fbf0         xr
m_data           0x1ffff200         0x00003e00         rw
*default*        0x00000000         0xffffffff

Linker script and memory map

LOAD c:/freescale/kds_v3/toolchain/bin/../lib/gcc/arm-none-eabi/4.8.4/armv6-m/crti.o
LOAD c:/freescale/kds_v3/toolchain/bin/../lib/gcc/arm-none-eabi/4.8.4/armv6-m/crtbegin.o
LOAD c:/freescale/kds_v3/toolchain/bin/../lib/gcc/arm-none-eabi/4.8.4/../../../../arm-none-eabi/lib/armv6-m/crt0.o
LOAD ./Static_Code/System/PE_low_level_init.o
LOAD ./Sources/Events.o
LOAD ./Sources/MMA1.o
LOAD ./Sources/main.o
LOAD ./Sources/os_tasks.o
LOAD ./Sources/rtos_main_task.o
LOAD ./SDK/rtos/FreeRTOS/src/croutine.o
LOAD ./SDK/rtos/FreeRTOS/src/event_groups.o
LOAD ./SDK/rtos/FreeRTOS/src/heap_1.o
LOAD ./SDK/rtos/FreeRTOS/src/heap_2.o
LOAD ./SDK/rtos/FreeRTOS/src/heap_3.o
LOAD ./SDK/rtos/FreeRTOS/src/heap_4.o
LOAD ./SDK/rtos/FreeRTOS/src/heap_5.o
LOAD ./SDK/rtos/FreeRTOS/src/list.o
LOAD ./SDK/rtos/FreeRTOS/src/queue.o
LOAD ./SDK/rtos/FreeRTOS/src/tasks.o
LOAD ./SDK/rtos/FreeRTOS/src/timers.o
LOAD ./SDK/rtos/FreeRTOS/port/gcc/port.o
LOAD ./SDK/rtos/FreeRTOS/port/gcc/portasm.o
LOAD ./SDK/platform/utilities/src/fsl_debug_console.o
LOAD ./SDK/platform/utilities/src/fsl_misc_utilities.o
LOAD ./SDK/platform/utilities/src/print_scan.o
LOAD ./SDK/platform/system/src/interrupt/fsl_interrupt_manager.o
LOAD ./SDK/platform/system/src/clock/MKL25Z4/fsl_clock_MKL25Z4.o
LOAD ./SDK/platform/system/src/clock/fsl_clock_manager.o
LOAD ./SDK/platform/system/src/clock/fsl_clock_manager_common.o
LOAD ./SDK/platform/osa/src/fsl_os_abstraction_free_rtos.o
LOAD ./SDK/platform/hal/src/uart/fsl_uart_hal.o
LOAD ./SDK/platform/hal/src/sim/MKL25Z4/fsl_sim_hal_MKL25Z4.o
LOAD ./SDK/platform/hal/src/rtc/fsl_rtc_hal.o
LOAD ./SDK/platform/hal/src/port/fsl_port_hal.o
LOAD ./SDK/platform/hal/src/osc/fsl_osc_hal.o
LOAD ./SDK/platform/hal/src/mcg/fsl_mcg_hal.o
LOAD ./SDK/platform/hal/src/mcg/fsl_mcg_hal_modes.o
LOAD ./SDK/platform/hal/src/lpsci/fsl_lpsci_hal.o
LOAD ./SDK/platform/hal/src/i2c/fsl_i2c_hal.o
LOAD ./SDK/platform/hal/src/gpio/fsl_gpio_hal.o
LOAD ./SDK/platform/drivers/src/rtc/fsl_rtc_common.o
LOAD ./SDK/platform/drivers/src/i2c/fsl_i2c_common.o
LOAD ./SDK/platform/drivers/src/i2c/fsl_i2c_master_driver.o
LOAD ./SDK/platform/drivers/src/i2c/fsl_i2c_shared_function.o
LOAD ./SDK/platform/drivers/src/i2c/fsl_i2c_slave_driver.o
LOAD ./SDK/platform/drivers/src/gpio/fsl_gpio_common.o
LOAD ./SDK/platform/drivers/src/gpio/fsl_gpio_driver.o
LOAD ./SDK/platform/devices/MKL25Z4/startup/gcc/startup_MKL25Z4.o
LOAD ./SDK/platform/devices/MKL25Z4/startup/system_MKL25Z4.o
LOAD ./SDK/platform/devices/startup.o
LOAD ./Generated_Code/Cpu.o
LOAD ./Generated_Code/MainTask.o
LOAD ./Generated_Code/Task1.o
LOAD ./Generated_Code/clockMan1.o
LOAD ./Generated_Code/free_rtos.o
LOAD ./Generated_Code/gpio1.o
LOAD ./Generated_Code/hardware_init.o
LOAD ./Generated_Code/i2cCom1.o
LOAD ./Generated_Code/osa1.o
LOAD ./Generated_Code/pin_init.o
LOAD c:/freescale/kds_v3/toolchain/bin/../lib/gcc/arm-none-eabi/4.8.4/../../../../arm-none-eabi/lib/armv6-m\libstdc++_s.a
LOAD c:/freescale/kds_v3/toolchain/bin/../lib/gcc/arm-none-eabi/4.8.4/../../../../arm-none-eabi/lib/armv6-m\libm.a
START GROUP
LOAD c:/freescale/kds_v3/toolchain/bin/../lib/gcc/arm-none-eabi/4.8.4/armv6-m\libgcc.a
LOAD c:/freescale/kds_v3/toolchain/bin/../lib/gcc/arm-none-eabi/4.8.4/../../../../arm-none-eabi/lib/armv6-m\libg_s.a
LOAD c:/freescale/kds_v3/toolchain/bin/../lib/gcc/arm-none-eabi/4.8.4/../../../../arm-none-eabi/lib/armv6-m\libc_s.a
END GROUP
START GROUP
LOAD c:/freescale/kds_v3/toolchain/bin/../lib/gcc/arm-none-eabi/4.8.4/armv6-m\libgcc.a
LOAD c:/freescale/kds_v3/toolchain/bin/../lib/gcc/arm-none-eabi/4.8.4/../../../../arm-none-eabi/lib/armv6-m\libc_s.a
LOAD c:/freescale/kds_v3/toolchain/bin/../lib/gcc/arm-none-eabi/4.8.4/../../../../arm-none-eabi/lib/armv6-m\libnosys.a
END GROUP
START GROUP
LOAD c:/freescale/kds_v3/toolchain/bin/../lib/gcc/arm-none-eabi/4.8.4/armv6-m\libgcc.a
LOAD c:/freescale/kds_v3/toolchain/bin/../lib/gcc/arm-none-eabi/4.8.4/../../../../arm-none-eabi/lib/armv6-m\libc_s.a
LOAD c:/freescale/kds_v3/toolchain/bin/../lib/gcc/arm-none-eabi/4.8.4/../../../../arm-none-eabi/lib/armv6-m\libnosys.a
END GROUP
LOAD c:/freescale/kds_v3/toolchain/bin/../lib/gcc/arm-none-eabi/4.8.4/armv6-m/crtend.o
LOAD c:/freescale/kds_v3/toolchain/bin/../lib/gcc/arm-none-eabi/4.8.4/armv6-m/crtn.o
                0x00000000                HEAP_SIZE = DEFINED (__heap_size__)?__heap_size__:0x0
                0x00000400                STACK_SIZE = DEFINED (__stack_size__)?__stack_size__:0x400

.interrupts     0x00000000       0xc0
                0x00000000                __VECTOR_TABLE = .
                0x00000000                . = ALIGN (0x4)
 *(.isr_vector)
 .isr_vector    0x00000000       0xc0 ./SDK/platform/devices/MKL25Z4/startup/gcc/startup_MKL25Z4.o
                0x00000000                __isr_vector
                0x000000c0                . = ALIGN (0x4)
                0x1ffff000                __VECTOR_RAM = ORIGIN (m_interrupts_ram)

.flash_config   0x00000400       0x10
                0x00000400                . = ALIGN (0x4)
 *(.FlashConfig)
 .FlashConfig   0x00000400       0x10 ./SDK/platform/devices/MKL25Z4/startup/gcc/startup_MKL25Z4.o
                0x00000410                . = ALIGN (0x4)

.text           0x00000410     0x6600
                0x00000410                . = ALIGN (0x4)
 *(.text)
 .text          0x00000410       0x60 c:/freescale/kds_v3/toolchain/bin/../lib/gcc/arm-none-eabi/4.8.4/armv6-m/crtbegin.o
 .text          0x00000470       0x78 c:/freescale/kds_v3/toolchain/bin/../lib/gcc/arm-none-eabi/4.8.4/../../../../arm-none-eabi/lib/armv6-m/crt0.o
                0x00000470                _start
                0x00000470                _mainCRTStartup
 .text          0x000004e8       0x18 ./SDK/platform/devices/MKL25Z4/startup/gcc/startup_MKL25Z4.o
                0x000004e8                Reset_Handler
                0x000004f8                NMI_Handler
                0x000004f8                I2C1_IRQHandler
                0x000004f8                UART1_IRQHandler
                0x000004f8                DMA2_IRQHandler
                0x000004f8                TPM0_IRQHandler
                0x000004f8                LLWU_IRQHandler
                0x000004f8                TSI0_IRQHandler
                0x000004f8                UART0_IRQHandler
                0x000004f8                ADC0_IRQHandler
                0x000004f8                Reserved39_IRQHandler
                0x000004f8                SPI1_IRQHandler
                0x000004f8                DefaultISR
                0x000004f8                PORTD_IRQHandler
                0x000004f8                TPM2_IRQHandler
                0x000004f8                RTC_IRQHandler
                0x000004f8                HardFault_Handler
                0x000004f8                RTC_Seconds_IRQHandler
                0x000004f8                MCG_IRQHandler
                0x000004f8                UART2_IRQHandler
                0x000004f8                Reserved20_IRQHandler
                0x000004f8                USB0_IRQHandler
                0x000004f8                PIT_IRQHandler
                0x000004f8                DMA3_IRQHandler
                0x000004f8                DMA0_IRQHandler
                0x000004f8                DAC0_IRQHandler
                0x000004f8                Reserved45_IRQHandler
                0x000004f8                TPM1_IRQHandler
                0x000004f8                LVD_LVW_IRQHandler
                0x000004f8                SPI0_IRQHandler
                0x000004f8                PORTA_IRQHandler
                0x000004f8                FTFA_IRQHandler
                0x000004f8                LPTMR0_IRQHandler
                0x000004f8                CMP0_IRQHandler
                0x000004f8                DMA1_IRQHandler
 .text          0x00000500       0x9c c:/freescale/kds_v3/toolchain/bin/../lib/gcc/arm-none-eabi/4.8.4/armv6-m\libgcc.a(_udivsi3.o)
                0x00000500                __aeabi_uidiv
                0x00000500                __udivsi3
                0x00000588                __aeabi_uidivmod
 .text          0x0000059c        0x4 c:/freescale/kds_v3/toolchain/bin/../lib/gcc/arm-none-eabi/4.8.4/armv6-m\libgcc.a(_dvmd_tls.o)
                0x0000059c                __aeabi_idiv0
                0x0000059c                __aeabi_ldiv0
 .text          0x000005a0       0x34 c:/freescale/kds_v3/toolchain/bin/../lib/gcc/arm-none-eabi/4.8.4/../../../../arm-none-eabi/lib/armv6-m\libg_s.a(lib_a-setjmp.o)
                0x000005a0                setjmp
                0x000005b8                longjmp
 *(.text*)
 .text.PEX_components_init
                0x000005d4        0xc ./Static_Code/System/PE_low_level_init.o
                0x000005d4                PEX_components_init
 .text.PE_low_level_init
                0x000005e0       0x10 ./Static_Code/System/PE_low_level_init.o
                0x000005e0                PE_low_level_init
 .text.I2C0_IRQHandler
                0x000005f0       0x10 ./Sources/Events.o
                0x000005f0                I2C0_IRQHandler
 .text.MMA1_Init
                0x00000600       0x4c ./Sources/MMA1.o
                0x00000600                MMA1_Init
 .text.main     0x0000064c       0x14 ./Sources/main.o
                0x0000064c                main
 .text.Task1_task
                0x00000660       0x10 ./Sources/os_tasks.o
                0x00000660                Task1_task
 .text.main_task
                0x00000670       0x20 ./Sources/rtos_main_task.o
                0x00000670                main_task
 .text.xEventGroupSetBits
                0x00000690       0xf8 ./SDK/rtos/FreeRTOS/src/event_groups.o
                0x00000690                xEventGroupSetBits
 .text.vEventGroupSetBitsCallback
                0x00000788       0x1c ./SDK/rtos/FreeRTOS/src/event_groups.o
                0x00000788                vEventGroupSetBitsCallback
 .text.pvPortMalloc
                0x000007a4      0x118 ./SDK/rtos/FreeRTOS/src/heap_2.o
                0x000007a4                pvPortMalloc
 .text.vPortFree
                0x000008bc       0x70 ./SDK/rtos/FreeRTOS/src/heap_2.o
                0x000008bc                vPortFree
 .text.prvHeapInit
                0x0000092c       0x4c ./SDK/rtos/FreeRTOS/src/heap_2.o
 .text.vListInitialise
                0x00000978       0x3c ./SDK/rtos/FreeRTOS/src/list.o
                0x00000978                vListInitialise
 .text.vListInitialiseItem
                0x000009b4       0x14 ./SDK/rtos/FreeRTOS/src/list.o
                0x000009b4                vListInitialiseItem
 .text.vListInsertEnd
                0x000009c8       0x44 ./SDK/rtos/FreeRTOS/src/list.o
                0x000009c8                vListInsertEnd
 .text.vListInsert
                0x00000a0c       0x6c ./SDK/rtos/FreeRTOS/src/list.o
                0x00000a0c                vListInsert
 .text.uxListRemove
                0x00000a78       0x50 ./SDK/rtos/FreeRTOS/src/list.o
                0x00000a78                uxListRemove
 .text.xQueueGenericReset
                0x00000ac8       0xac ./SDK/rtos/FreeRTOS/src/queue.o
                0x00000ac8                xQueueGenericReset
 .text.xQueueGenericCreate
                0x00000b74       0x94 ./SDK/rtos/FreeRTOS/src/queue.o
                0x00000b74                xQueueGenericCreate
 .text.xQueueCreateCountingSemaphore
                0x00000c08       0x58 ./SDK/rtos/FreeRTOS/src/queue.o
                0x00000c08                xQueueCreateCountingSemaphore
 .text.xQueueGenericSend
                0x00000c60      0x198 ./SDK/rtos/FreeRTOS/src/queue.o
                0x00000c60                xQueueGenericSend
 .text.xQueueGenericSendFromISR
                0x00000df8       0xd8 ./SDK/rtos/FreeRTOS/src/queue.o
                0x00000df8                xQueueGenericSendFromISR
 .text.xQueueGiveFromISR
                0x00000ed0       0x9c ./SDK/rtos/FreeRTOS/src/queue.o
                0x00000ed0                xQueueGiveFromISR
 .text.xQueueGenericReceive
                0x00000f6c      0x1c4 ./SDK/rtos/FreeRTOS/src/queue.o
                0x00000f6c                xQueueGenericReceive
 .text.prvCopyDataToQueue
                0x00001130       0xe0 ./SDK/rtos/FreeRTOS/src/queue.o
 .text.prvCopyDataFromQueue
                0x00001210       0x50 ./SDK/rtos/FreeRTOS/src/queue.o
 .text.prvUnlockQueue
                0x00001260       0x98 ./SDK/rtos/FreeRTOS/src/queue.o
 .text.prvIsQueueEmpty
                0x000012f8       0x2c ./SDK/rtos/FreeRTOS/src/queue.o
 .text.prvIsQueueFull
                0x00001324       0x30 ./SDK/rtos/FreeRTOS/src/queue.o
 .text.vQueueWaitForMessageRestricted
                0x00001354       0x58 ./SDK/rtos/FreeRTOS/src/queue.o
                0x00001354                vQueueWaitForMessageRestricted
 .text.xTaskGenericCreate
                0x000013ac      0x170 ./SDK/rtos/FreeRTOS/src/tasks.o
                0x000013ac                xTaskGenericCreate
 .text.vTaskDelay
                0x0000151c       0x68 ./SDK/rtos/FreeRTOS/src/tasks.o
                0x0000151c                vTaskDelay
 .text.vTaskStartScheduler
                0x00001584       0x78 ./SDK/rtos/FreeRTOS/src/tasks.o
                0x00001584                vTaskStartScheduler
 .text.vTaskSuspendAll
                0x000015fc       0x18 ./SDK/rtos/FreeRTOS/src/tasks.o
                0x000015fc                vTaskSuspendAll
 .text.xTaskResumeAll
                0x00001614      0x10c ./SDK/rtos/FreeRTOS/src/tasks.o
                0x00001614                xTaskResumeAll
 .text.xTaskGetTickCount
                0x00001720       0x24 ./SDK/rtos/FreeRTOS/src/tasks.o
                0x00001720                xTaskGetTickCount
 .text.xTaskIncrementTick
                0x00001744      0x16c ./SDK/rtos/FreeRTOS/src/tasks.o
                0x00001744                xTaskIncrementTick
 .text.vTaskSwitchContext
                0x000018b0       0xa0 ./SDK/rtos/FreeRTOS/src/tasks.o
                0x000018b0                vTaskSwitchContext
 .text.vTaskPlaceOnEventList
                0x00001950       0x70 ./SDK/rtos/FreeRTOS/src/tasks.o
                0x00001950                vTaskPlaceOnEventList
 .text.vTaskPlaceOnEventListRestricted
                0x000019c0       0x54 ./SDK/rtos/FreeRTOS/src/tasks.o
                0x000019c0                vTaskPlaceOnEventListRestricted
 .text.xTaskRemoveFromEventList
                0x00001a14       0xb8 ./SDK/rtos/FreeRTOS/src/tasks.o
                0x00001a14                xTaskRemoveFromEventList
 .text.xTaskRemoveFromUnorderedEventList
                0x00001acc       0xb4 ./SDK/rtos/FreeRTOS/src/tasks.o
                0x00001acc                xTaskRemoveFromUnorderedEventList
 .text.vTaskSetTimeOutState
                0x00001b80       0x34 ./SDK/rtos/FreeRTOS/src/tasks.o
                0x00001b80                vTaskSetTimeOutState
 .text.xTaskCheckForTimeOut
                0x00001bb4       0xa0 ./SDK/rtos/FreeRTOS/src/tasks.o
                0x00001bb4                xTaskCheckForTimeOut
 .text.vTaskMissedYield
                0x00001c54       0x14 ./SDK/rtos/FreeRTOS/src/tasks.o
                0x00001c54                vTaskMissedYield
 .text.prvIdleTask
                0x00001c68       0x20 ./SDK/rtos/FreeRTOS/src/tasks.o
 .text.prvInitialiseTCBVariables
                0x00001c88       0xa4 ./SDK/rtos/FreeRTOS/src/tasks.o
 .text.prvInitialiseTaskLists
                0x00001d2c       0x88 ./SDK/rtos/FreeRTOS/src/tasks.o
 .text.prvCheckTasksWaitingTermination
                0x00001db4       0x74 ./SDK/rtos/FreeRTOS/src/tasks.o
 .text.prvAddCurrentTaskToDelayedList
                0x00001e28       0x6c ./SDK/rtos/FreeRTOS/src/tasks.o
 .text.prvAllocateTCBAndStack
                0x00001e94       0x78 ./SDK/rtos/FreeRTOS/src/tasks.o
 .text.prvDeleteTCB
                0x00001f0c       0x20 ./SDK/rtos/FreeRTOS/src/tasks.o
 .text.prvResetNextTaskUnblockTime
                0x00001f2c       0x44 ./SDK/rtos/FreeRTOS/src/tasks.o
 .text.xTaskGetSchedulerState
                0x00001f70       0x38 ./SDK/rtos/FreeRTOS/src/tasks.o
                0x00001f70                xTaskGetSchedulerState
 .text.vTaskPriorityInherit
                0x00001fa8       0xbc ./SDK/rtos/FreeRTOS/src/tasks.o
                0x00001fa8                vTaskPriorityInherit
 .text.xTaskPriorityDisinherit
                0x00002064       0xa8 ./SDK/rtos/FreeRTOS/src/tasks.o
                0x00002064                xTaskPriorityDisinherit
 .text.pvTaskIncrementMutexHeldCount
                0x0000210c       0x24 ./SDK/rtos/FreeRTOS/src/tasks.o
                0x0000210c                pvTaskIncrementMutexHeldCount
 .text.xTimerCreateTimerTask
                0x00002130       0x5c ./SDK/rtos/FreeRTOS/src/timers.o
                0x00002130                xTimerCreateTimerTask
 .text.xTimerGenericCommand
                0x0000218c       0xa0 ./SDK/rtos/FreeRTOS/src/timers.o
                0x0000218c                xTimerGenericCommand
 .text.prvProcessExpiredTimer
                0x0000222c       0x78 ./SDK/rtos/FreeRTOS/src/timers.o
 .text.prvTimerTask
                0x000022a4       0x28 ./SDK/rtos/FreeRTOS/src/timers.o
 .text.prvProcessTimerOrBlockTask
                0x000022cc       0x74 ./SDK/rtos/FreeRTOS/src/timers.o
 .text.prvGetNextExpireTime
                0x00002340       0x40 ./SDK/rtos/FreeRTOS/src/timers.o
 .text.prvSampleTimeNow
                0x00002380       0x40 ./SDK/rtos/FreeRTOS/src/timers.o
 .text.prvInsertTimerInActiveList
                0x000023c0       0x84 ./SDK/rtos/FreeRTOS/src/timers.o
 .text.prvProcessReceivedCommands
                0x00002444      0x144 ./SDK/rtos/FreeRTOS/src/timers.o
 .text.prvSwitchTimerLists
                0x00002588       0xb8 ./SDK/rtos/FreeRTOS/src/timers.o
 .text.prvCheckForValidListAndQueue
                0x00002640       0x68 ./SDK/rtos/FreeRTOS/src/timers.o
 .text.xTimerPendFunctionCallFromISR
                0x000026a8       0x58 ./SDK/rtos/FreeRTOS/src/timers.o
                0x000026a8                xTimerPendFunctionCallFromISR
 .text.prvTaskExitError
                0x00002700       0x1c ./SDK/rtos/FreeRTOS/port/gcc/port.o
                0x00002700                prvTaskExitError
 .text.pxPortInitialiseStack
                0x0000271c       0x54 ./SDK/rtos/FreeRTOS/port/gcc/port.o
                0x0000271c                pxPortInitialiseStack
 .text.vPortInitTickTimer
                0x00002770       0x3c ./SDK/rtos/FreeRTOS/port/gcc/port.o
                0x00002770                vPortInitTickTimer
 .text.vPortStartTickTimer
                0x000027ac       0x14 ./SDK/rtos/FreeRTOS/port/gcc/port.o
                0x000027ac                vPortStartTickTimer
 .text.xPortStartScheduler
                0x000027c0       0x4c ./SDK/rtos/FreeRTOS/port/gcc/port.o
                0x000027c0                xPortStartScheduler
 .text.vPortEnterCritical
                0x0000280c       0x24 ./SDK/rtos/FreeRTOS/port/gcc/port.o
                0x0000280c                vPortEnterCritical
 .text.vPortExitCritical
                0x00002830       0x24 ./SDK/rtos/FreeRTOS/port/gcc/port.o
                0x00002830                vPortExitCritical
 .text.vPortYieldFromISR
                0x00002854       0x1c ./SDK/rtos/FreeRTOS/port/gcc/port.o
                0x00002854                vPortYieldFromISR
 .text.SysTick_Handler
                0x00002870       0x20 ./SDK/rtos/FreeRTOS/port/gcc/port.o
                0x00002870                SysTick_Handler
 .text.vPortStartFirstTask
                0x00002890       0x1c ./SDK/rtos/FreeRTOS/port/gcc/port.o
                0x00002890                vPortStartFirstTask
 .text.SVC_Handler
                0x000028ac       0x28 ./SDK/rtos/FreeRTOS/port/gcc/port.o
                0x000028ac                SVC_Handler
 .text.PendSV_Handler
                0x000028d4       0x44 ./SDK/rtos/FreeRTOS/port/gcc/port.o
                0x000028d4                PendSV_Handler
 .text.ulPortSetInterruptMask
                0x00002918        0xc ./SDK/rtos/FreeRTOS/port/gcc/port.o
                0x00002918                ulPortSetInterruptMask
 .text.vPortClearInterruptMask
                0x00002924        0x8 ./SDK/rtos/FreeRTOS/port/gcc/port.o
                0x00002924                vPortClearInterruptMask
 .text._write   0x0000292c       0x5c ./SDK/platform/utilities/src/fsl_debug_console.o
                0x0000292c                _write
 .text._read    0x00002988       0x48 ./SDK/platform/utilities/src/fsl_debug_console.o
                0x00002988                _read
 .text._sbrk    0x000029d0       0x5c ./SDK/platform/utilities/src/fsl_misc_utilities.o
                0x000029d0                _sbrk
 .text.SIM_HAL_EnableClock
                0x00002a2c       0x58 ./SDK/platform/system/src/clock/MKL25Z4/fsl_clock_MKL25Z4.o
 .text.CLOCK_HAL_GetOutDiv1
                0x00002a84       0x28 ./SDK/platform/system/src/clock/MKL25Z4/fsl_clock_MKL25Z4.o
 .text.CLOCK_HAL_GetOutDiv4
                0x00002aac       0x28 ./SDK/platform/system/src/clock/MKL25Z4/fsl_clock_MKL25Z4.o
 .text.CLOCK_SYS_GetSystemClockFreq
                0x00002ad4       0x34 ./SDK/platform/system/src/clock/MKL25Z4/fsl_clock_MKL25Z4.o
                0x00002ad4                CLOCK_SYS_GetSystemClockFreq
 .text.CLOCK_SYS_GetBusClockFreq
                0x00002b08       0x2c ./SDK/platform/system/src/clock/MKL25Z4/fsl_clock_MKL25Z4.o
                0x00002b08                CLOCK_SYS_GetBusClockFreq
 .text.CLOCK_SYS_GetI2cFreq
                0x00002b34       0x28 ./SDK/platform/system/src/clock/MKL25Z4/fsl_clock_MKL25Z4.o
                0x00002b34                CLOCK_SYS_GetI2cFreq
 .text.CLOCK_SYS_EnablePortClock
                0x00002b5c       0x4c ./SDK/platform/system/src/clock/MKL25Z4/fsl_clock_MKL25Z4.o
                0x00002b5c                CLOCK_SYS_EnablePortClock
 .text.CLOCK_SYS_EnableI2cClock
                0x00002ba8       0x4c ./SDK/platform/system/src/clock/MKL25Z4/fsl_clock_MKL25Z4.o
                0x00002ba8                CLOCK_SYS_EnableI2cClock
 .text.OSA_SemaCreate
                0x00002bf4       0x58 ./SDK/platform/osa/src/fsl_os_abstraction_free_rtos.o
                0x00002bf4                OSA_SemaCreate
 .text.OSA_SemaWait
                0x00002c4c       0x78 ./SDK/platform/osa/src/fsl_os_abstraction_free_rtos.o
                0x00002c4c                OSA_SemaWait
 .text.OSA_SemaphorePostFromTask
                0x00002cc4       0x2c ./SDK/platform/osa/src/fsl_os_abstraction_free_rtos.o
 .text.OSA_SemaphorePostFromISR
                0x00002cf0       0x3c ./SDK/platform/osa/src/fsl_os_abstraction_free_rtos.o
 .text.OSA_SemaPost
                0x00002d2c       0x54 ./SDK/platform/osa/src/fsl_os_abstraction_free_rtos.o
                0x00002d2c                OSA_SemaPost
 .text.OSA_EventSet
                0x00002d80       0x74 ./SDK/platform/osa/src/fsl_os_abstraction_free_rtos.o
                0x00002d80                OSA_EventSet
 .text.OSA_TaskCreate
                0x00002df4       0x50 ./SDK/platform/osa/src/fsl_os_abstraction_free_rtos.o
                0x00002df4                OSA_TaskCreate
 .text.OSA_TimeDelay
                0x00002e44       0x2c ./SDK/platform/osa/src/fsl_os_abstraction_free_rtos.o
                0x00002e44                OSA_TimeDelay
 .text.OSA_Init
                0x00002e70        0xc ./SDK/platform/osa/src/fsl_os_abstraction_free_rtos.o
                0x00002e70                OSA_Init
 .text.OSA_Start
                0x00002e7c       0x10 ./SDK/platform/osa/src/fsl_os_abstraction_free_rtos.o
                0x00002e7c                OSA_Start
 .text.CLOCK_HAL_GetClkOutStat
                0x00002e8c       0x20 ./SDK/platform/hal/src/mcg/fsl_mcg_hal.o
 .text.CLOCK_HAL_IsPllSelected
                0x00002eac       0x24 ./SDK/platform/hal/src/mcg/fsl_mcg_hal.o
 .text.CLOCK_HAL_GetMcgExternalClkFreq
                0x00002ed0       0x18 ./SDK/platform/hal/src/mcg/fsl_mcg_hal.o
 .text.CLOCK_HAL_TestFllExternalRefFreq
                0x00002ee8       0x7c ./SDK/platform/hal/src/mcg/fsl_mcg_hal.o
                0x00002ee8                CLOCK_HAL_TestFllExternalRefFreq
 .text.CLOCK_HAL_GetFllRefClk
                0x00002f64       0x8c ./SDK/platform/hal/src/mcg/fsl_mcg_hal.o
                0x00002f64                CLOCK_HAL_GetFllRefClk
 .text.CLOCK_HAL_TestFllFreq
                0x00002ff0       0x6c ./SDK/platform/hal/src/mcg/fsl_mcg_hal.o
                0x00002ff0                CLOCK_HAL_TestFllFreq
 .text.CLOCK_HAL_GetFllClk
                0x0000305c       0x7c ./SDK/platform/hal/src/mcg/fsl_mcg_hal.o
                0x0000305c                CLOCK_HAL_GetFllClk
 .text.CLOCK_HAL_GetPll0RefFreq
                0x000030d8       0x1c ./SDK/platform/hal/src/mcg/fsl_mcg_hal.o
                0x000030d8                CLOCK_HAL_GetPll0RefFreq
 .text.CLOCK_HAL_GetPll0Clk
                0x000030f4       0x90 ./SDK/platform/hal/src/mcg/fsl_mcg_hal.o
                0x000030f4                CLOCK_HAL_GetPll0Clk
 .text.CLOCK_HAL_GetInternalRefClk
                0x00003184       0x64 ./SDK/platform/hal/src/mcg/fsl_mcg_hal.o
                0x00003184                CLOCK_HAL_GetInternalRefClk
 .text.CLOCK_HAL_GetOutClk
                0x000031e8       0x7c ./SDK/platform/hal/src/mcg/fsl_mcg_hal.o
                0x000031e8                CLOCK_HAL_GetOutClk
 .text.I2C_HAL_GetStatusFlag
                0x00003264       0x34 ./SDK/platform/hal/src/i2c/fsl_i2c_hal.o
 .text.I2C_HAL_Init
                0x00003298       0x50 ./SDK/platform/hal/src/i2c/fsl_i2c_hal.o
                0x00003298                I2C_HAL_Init
 .text.I2C_HAL_SetBaudRate
                0x000032e8       0xe0 ./SDK/platform/hal/src/i2c/fsl_i2c_hal.o
                0x000032e8                I2C_HAL_SetBaudRate
 .text.I2C_HAL_SendStart
                0x000033c8       0x8c ./SDK/platform/hal/src/i2c/fsl_i2c_hal.o
                0x000033c8                I2C_HAL_SendStart
 .text.I2C_HAL_SendStop
                0x00003454       0x78 ./SDK/platform/hal/src/i2c/fsl_i2c_hal.o
                0x00003454                I2C_HAL_SendStop
 .text.GPIO_HAL_SetPinDir
                0x000034cc       0x6c ./SDK/platform/hal/src/gpio/fsl_gpio_hal.o
                0x000034cc                GPIO_HAL_SetPinDir
 .text.GPIO_HAL_WritePinOutput
                0x00003538       0x50 ./SDK/platform/hal/src/gpio/fsl_gpio_hal.o
                0x00003538                GPIO_HAL_WritePinOutput
 .text.NVIC_EnableIRQ
                0x00003588       0x2c ./SDK/platform/drivers/src/i2c/fsl_i2c_master_driver.o
 .text.I2C_HAL_Enable
                0x000035b4       0x1c ./SDK/platform/drivers/src/i2c/fsl_i2c_master_driver.o
 .text.I2C_HAL_SendAck
                0x000035d0       0x1c ./SDK/platform/drivers/src/i2c/fsl_i2c_master_driver.o
 .text.I2C_HAL_SendNak
                0x000035ec       0x1c ./SDK/platform/drivers/src/i2c/fsl_i2c_master_driver.o
 .text.I2C_HAL_SetDirMode
                0x00003608       0x28 ./SDK/platform/drivers/src/i2c/fsl_i2c_master_driver.o
 .text.I2C_HAL_GetDirMode
                0x00003630       0x20 ./SDK/platform/drivers/src/i2c/fsl_i2c_master_driver.o
 .text.I2C_HAL_ReadByte
                0x00003650       0x18 ./SDK/platform/drivers/src/i2c/fsl_i2c_master_driver.o
 .text.I2C_HAL_WriteByte
                0x00003668       0x1c ./SDK/platform/drivers/src/i2c/fsl_i2c_master_driver.o
 .text.I2C_HAL_GetStatusFlag
                0x00003684       0x34 ./SDK/platform/drivers/src/i2c/fsl_i2c_master_driver.o
 .text.I2C_HAL_IsMaster
                0x000036b8       0x24 ./SDK/platform/drivers/src/i2c/fsl_i2c_master_driver.o
 .text.I2C_HAL_ClearArbitrationLost
                0x000036dc       0x14 ./SDK/platform/drivers/src/i2c/fsl_i2c_master_driver.o
 .text.I2C_HAL_SetIntCmd
                0x000036f0       0x28 ./SDK/platform/drivers/src/i2c/fsl_i2c_master_driver.o
 .text.I2C_HAL_ClearInt
                0x00003718       0x14 ./SDK/platform/drivers/src/i2c/fsl_i2c_master_driver.o
 .text.INT_SYS_EnableIRQ
                0x0000372c       0x5c ./SDK/platform/drivers/src/i2c/fsl_i2c_master_driver.o
 .text.I2C_DRV_MasterInit
                0x00003788       0xc4 ./SDK/platform/drivers/src/i2c/fsl_i2c_master_driver.o
                0x00003788                I2C_DRV_MasterInit
 .text.I2C_DRV_MasterSetBaudRate
                0x0000384c       0x98 ./SDK/platform/drivers/src/i2c/fsl_i2c_master_driver.o
                0x0000384c                I2C_DRV_MasterSetBaudRate
 .text.I2C_DRV_MasterSendDataBlocking
                0x000038e4       0x34 ./SDK/platform/drivers/src/i2c/fsl_i2c_master_driver.o
                0x000038e4                I2C_DRV_MasterSendDataBlocking
 .text.I2C_DRV_MasterIRQHandler
                0x00003918      0x180 ./SDK/platform/drivers/src/i2c/fsl_i2c_master_driver.o
                0x00003918                I2C_DRV_MasterIRQHandler
 .text.I2C_DRV_MasterWait
                0x00003a98       0x78 ./SDK/platform/drivers/src/i2c/fsl_i2c_master_driver.o
 .text.I2C_DRV_CompleteTransfer
                0x00003b10       0x98 ./SDK/platform/drivers/src/i2c/fsl_i2c_master_driver.o
 .text.I2C_DRV_SendAddress
                0x00003ba8      0x228 ./SDK/platform/drivers/src/i2c/fsl_i2c_master_driver.o
 .text.I2C_DRV_MasterSend
                0x00003dd0      0x1ac ./SDK/platform/drivers/src/i2c/fsl_i2c_master_driver.o
 .text.I2C_HAL_GetStatusFlag
                0x00003f7c       0x34 ./SDK/platform/drivers/src/i2c/fsl_i2c_shared_function.o
 .text.I2C_HAL_IsMaster
                0x00003fb0       0x24 ./SDK/platform/drivers/src/i2c/fsl_i2c_shared_function.o
 .text.I2C_DRV_IRQHandler
                0x00003fd4       0x78 ./SDK/platform/drivers/src/i2c/fsl_i2c_shared_function.o
                0x00003fd4                I2C_DRV_IRQHandler
 .text.I2C_HAL_SetDirMode
                0x0000404c       0x28 ./SDK/platform/drivers/src/i2c/fsl_i2c_slave_driver.o
 .text.I2C_HAL_GetDirMode
                0x00004074       0x20 ./SDK/platform/drivers/src/i2c/fsl_i2c_slave_driver.o
 .text.I2C_HAL_ReadByte
                0x00004094       0x18 ./SDK/platform/drivers/src/i2c/fsl_i2c_slave_driver.o
 .text.I2C_HAL_WriteByte
                0x000040ac       0x1c ./SDK/platform/drivers/src/i2c/fsl_i2c_slave_driver.o
 .text.I2C_HAL_GetStatusFlag
                0x000040c8       0x34 ./SDK/platform/drivers/src/i2c/fsl_i2c_slave_driver.o
 .text.I2C_HAL_SetIntCmd
                0x000040fc       0x28 ./SDK/platform/drivers/src/i2c/fsl_i2c_slave_driver.o
 .text.I2C_HAL_ClearInt
                0x00004124       0x14 ./SDK/platform/drivers/src/i2c/fsl_i2c_slave_driver.o
 .text.I2C_HAL_GetStopFlag
                0x00004138       0x24 ./SDK/platform/drivers/src/i2c/fsl_i2c_slave_driver.o
 .text.I2C_HAL_ClearStopFlag
                0x0000415c       0x1c ./SDK/platform/drivers/src/i2c/fsl_i2c_slave_driver.o
 .text.I2C_HAL_GetStopIntCmd
                0x00004178       0x24 ./SDK/platform/drivers/src/i2c/fsl_i2c_slave_driver.o
 .text.I2C_DRV_SlaveIRQHandler
                0x0000419c      0x370 ./SDK/platform/drivers/src/i2c/fsl_i2c_slave_driver.o
                0x0000419c                I2C_DRV_SlaveIRQHandler
 .text.NVIC_EnableIRQ
                0x0000450c       0x2c ./SDK/platform/drivers/src/gpio/fsl_gpio_driver.o
 .text.PORT_HAL_SetPullCmd
                0x00004538       0x4c ./SDK/platform/drivers/src/gpio/fsl_gpio_driver.o
 .text.PORT_HAL_SetSlewRateMode
                0x00004584       0x4c ./SDK/platform/drivers/src/gpio/fsl_gpio_driver.o
 .text.PORT_HAL_SetPassiveFilterCmd
                0x000045d0       0x4c ./SDK/platform/drivers/src/gpio/fsl_gpio_driver.o
 .text.PORT_HAL_SetDriveStrengthMode
                0x0000461c       0x4c ./SDK/platform/drivers/src/gpio/fsl_gpio_driver.o
 .text.PORT_HAL_SetMuxMode
                0x00004668       0x4c ./SDK/platform/drivers/src/gpio/fsl_gpio_driver.o
 .text.PORT_HAL_SetPinIntMode
                0x000046b4       0x4c ./SDK/platform/drivers/src/gpio/fsl_gpio_driver.o
 .text.INT_SYS_EnableIRQ
                0x00004700       0x5c ./SDK/platform/drivers/src/gpio/fsl_gpio_driver.o
 .text.GPIO_DRV_Init
                0x0000475c       0x4c ./SDK/platform/drivers/src/gpio/fsl_gpio_driver.o
                0x0000475c                GPIO_DRV_Init
 .text.GPIO_DRV_InputPinInit
                0x000047a8       0xc4 ./SDK/platform/drivers/src/gpio/fsl_gpio_driver.o
                0x000047a8                GPIO_DRV_InputPinInit
 .text.GPIO_DRV_OutputPinInit
                0x0000486c       0x9c ./SDK/platform/drivers/src/gpio/fsl_gpio_driver.o
                0x0000486c                GPIO_DRV_OutputPinInit
 .text.SystemInit
                0x00004908      0x178 ./SDK/platform/devices/MKL25Z4/startup/system_MKL25Z4.o
                0x00004908                SystemInit
 .text.init_data_bss
                0x00004a80       0xc8 ./SDK/platform/devices/startup.o
                0x00004a80                init_data_bss
 .text.Components_Init
                0x00004b48       0x3c ./Generated_Code/Cpu.o
                0x00004b48                Components_Init
 .text.MainTask_Init
                0x00004b84       0x4c ./Generated_Code/MainTask.o
                0x00004b84                MainTask_Init
 .text.Task1_Init
                0x00004bd0       0x4c ./Generated_Code/Task1.o
                0x00004bd0                Task1_Init
 .text.SIM_HAL_EnableClock
                0x00004c1c       0x58 ./Generated_Code/hardware_init.o
 .text.hardware_init
                0x00004c74       0x4c ./Generated_Code/hardware_init.o
                0x00004c74                hardware_init
 .text.PORT_HAL_SetMuxMode
                0x00004cc0       0x4c ./Generated_Code/pin_init.o
 .text.init_gpio_pins
                0x00004d0c       0x28 ./Generated_Code/pin_init.o
                0x00004d0c                init_gpio_pins
 .text.init_i2c_pins
                0x00004d34       0x34 ./Generated_Code/pin_init.o
                0x00004d34                init_i2c_pins
 .text.init_osc_pins
                0x00004d68       0x2c ./Generated_Code/pin_init.o
                0x00004d68                init_osc_pins
 .text.init_rcm_pins
                0x00004d94       0x20 ./Generated_Code/pin_init.o
                0x00004d94                init_rcm_pins
 .text.init_swd_pins
                0x00004db4       0x2c ./Generated_Code/pin_init.o
                0x00004db4                init_swd_pins
 .text.__assert_func
                0x00004de0       0x3c c:/freescale/kds_v3/toolchain/bin/../lib/gcc/arm-none-eabi/4.8.4/../../../../arm-none-eabi/lib/armv6-m\libg_s.a(lib_a-assert.o)
                0x00004de0                __assert_func
 .text.__errno  0x00004e1c        0xc c:/freescale/kds_v3/toolchain/bin/../lib/gcc/arm-none-eabi/4.8.4/../../../../arm-none-eabi/lib/armv6-m\libg_s.a(lib_a-errno.o)
                0x00004e1c                __errno
 .text.exit     0x00004e28       0x2c c:/freescale/kds_v3/toolchain/bin/../lib/gcc/arm-none-eabi/4.8.4/../../../../arm-none-eabi/lib/armv6-m\libg_s.a(lib_a-exit.o)
                0x00004e28                exit
 .text.fprintf  0x00004e54       0x24 c:/freescale/kds_v3/toolchain/bin/../lib/gcc/arm-none-eabi/4.8.4/../../../../arm-none-eabi/lib/armv6-m\libg_s.a(lib_a-fprintf.o)
                0x00004e54                fiprintf
                0x00004e54                fprintf
 .text.__libc_init_array
                0x00004e78       0x4c c:/freescale/kds_v3/toolchain/bin/../lib/gcc/arm-none-eabi/4.8.4/../../../../arm-none-eabi/lib/armv6-m\libg_s.a(lib_a-init.o)
                0x00004e78                __libc_init_array
 .text.memcpy   0x00004ec4       0x12 c:/freescale/kds_v3/toolchain/bin/../lib/gcc/arm-none-eabi/4.8.4/../../../../arm-none-eabi/lib/armv6-m\libg_s.a(lib_a-memcpy-stub.o)
                0x00004ec4                memcpy
 .text.memset   0x00004ed6       0x10 c:/freescale/kds_v3/toolchain/bin/../lib/gcc/arm-none-eabi/4.8.4/../../../../arm-none-eabi/lib/armv6-m\libg_s.a(lib_a-memset.o)
                0x00004ed6                memset
 .text.strlen   0x00004ee6        0xe c:/freescale/kds_v3/toolchain/bin/../lib/gcc/arm-none-eabi/4.8.4/../../../../arm-none-eabi/lib/armv6-m\libg_s.a(lib_a-strlen.o)
                0x00004ee6                strlen
 .text.__sfputc_r
                0x00004ef4       0x2a c:/freescale/kds_v3/toolchain/bin/../lib/gcc/arm-none-eabi/4.8.4/../../../../arm-none-eabi/lib/armv6-m\libg_s.a(lib_a-vfprintf.o)
 .text.__sfputs_r
                0x00004f1e       0x24 c:/freescale/kds_v3/toolchain/bin/../lib/gcc/arm-none-eabi/4.8.4/../../../../arm-none-eabi/lib/armv6-m\libg_s.a(lib_a-vfprintf.o)
                0x00004f1e                __sfputs_r
 *fill*         0x00004f42        0x2 
 .text._vfprintf_r
                0x00004f44      0x210 c:/freescale/kds_v3/toolchain/bin/../lib/gcc/arm-none-eabi/4.8.4/../../../../arm-none-eabi/lib/armv6-m\libg_s.a(lib_a-vfprintf.o)
                0x00004f44                _vfprintf_r
                0x00004f44                _vfiprintf_r
 .text._printf_common
                0x00005154       0xe8 c:/freescale/kds_v3/toolchain/bin/../lib/gcc/arm-none-eabi/4.8.4/../../../../arm-none-eabi/lib/armv6-m\libg_s.a(lib_a-vfprintf_i.o)
                0x00005154                _printf_common
 .text._printf_i
                0x0000523c      0x22c c:/freescale/kds_v3/toolchain/bin/../lib/gcc/arm-none-eabi/4.8.4/../../../../arm-none-eabi/lib/armv6-m\libg_s.a(lib_a-vfprintf_i.o)
                0x0000523c                _printf_i
 .text.__swbuf_r
                0x00005468       0xb0 c:/freescale/kds_v3/toolchain/bin/../lib/gcc/arm-none-eabi/4.8.4/../../../../arm-none-eabi/lib/armv6-m\libg_s.a(lib_a-wbuf.o)
                0x00005468                __swbuf_r
 .text.__swsetup_r
                0x00005518       0xe4 c:/freescale/kds_v3/toolchain/bin/../lib/gcc/arm-none-eabi/4.8.4/../../../../arm-none-eabi/lib/armv6-m\libg_s.a(lib_a-wsetup.o)
                0x00005518                __swsetup_r
 .text.abort    0x000055fc        0xe c:/freescale/kds_v3/toolchain/bin/../lib/gcc/arm-none-eabi/4.8.4/../../../../arm-none-eabi/lib/armv6-m\libg_s.a(lib_a-abort.o)
                0x000055fc                abort
 .text.__sflush_r
                0x0000560a      0x112 c:/freescale/kds_v3/toolchain/bin/../lib/gcc/arm-none-eabi/4.8.4/../../../../arm-none-eabi/lib/armv6-m\libg_s.a(lib_a-fflush.o)
                0x0000560a                __sflush_r
 .text._fflush_r
                0x0000571c       0x58 c:/freescale/kds_v3/toolchain/bin/../lib/gcc/arm-none-eabi/4.8.4/../../../../arm-none-eabi/lib/armv6-m\libg_s.a(lib_a-fflush.o)
                0x0000571c                _fflush_r
 .text._cleanup_r
                0x00005774       0x34 c:/freescale/kds_v3/toolchain/bin/../lib/gcc/arm-none-eabi/4.8.4/../../../../arm-none-eabi/lib/armv6-m\libg_s.a(lib_a-findfp.o)
                0x00005774                _cleanup_r
 .text.std.isra.0
                0x000057a8       0x48 c:/freescale/kds_v3/toolchain/bin/../lib/gcc/arm-none-eabi/4.8.4/../../../../arm-none-eabi/lib/armv6-m\libg_s.a(lib_a-findfp.o)
 .text.__sfmoreglue
                0x000057f0       0x2c c:/freescale/kds_v3/toolchain/bin/../lib/gcc/arm-none-eabi/4.8.4/../../../../arm-none-eabi/lib/armv6-m\libg_s.a(lib_a-findfp.o)
                0x000057f0                __sfmoreglue
 .text.__sinit  0x0000581c       0x64 c:/freescale/kds_v3/toolchain/bin/../lib/gcc/arm-none-eabi/4.8.4/../../../../arm-none-eabi/lib/armv6-m\libg_s.a(lib_a-findfp.o)
                0x0000581c                __sinit
 .text.__sfp    0x00005880       0x7c c:/freescale/kds_v3/toolchain/bin/../lib/gcc/arm-none-eabi/4.8.4/../../../../arm-none-eabi/lib/armv6-m\libg_s.a(lib_a-findfp.o)
                0x00005880                __sfp
 .text.__smakebuf_r
                0x000058fc       0xa0 c:/freescale/kds_v3/toolchain/bin/../lib/gcc/arm-none-eabi/4.8.4/../../../../arm-none-eabi/lib/armv6-m\libg_s.a(lib_a-makebuf.o)
                0x000058fc                __smakebuf_r
 .text.memchr   0x0000599c       0x16 c:/freescale/kds_v3/toolchain/bin/../lib/gcc/arm-none-eabi/4.8.4/../../../../arm-none-eabi/lib/armv6-m\libg_s.a(lib_a-memchr-stub.o)
                0x0000599c                memchr
 *fill*         0x000059b2        0x2 
 .text._free_r  0x000059b4       0x90 c:/freescale/kds_v3/toolchain/bin/../lib/gcc/arm-none-eabi/4.8.4/../../../../arm-none-eabi/lib/armv6-m\libg_s.a(lib_a-nano-freer.o)
                0x000059b4                _free_r
 .text._malloc_r
                0x00005a44       0xa8 c:/freescale/kds_v3/toolchain/bin/../lib/gcc/arm-none-eabi/4.8.4/../../../../arm-none-eabi/lib/armv6-m\libg_s.a(lib_a-nano-mallocr.o)
                0x00005a44                _malloc_r
 .text._sbrk_r  0x00005aec       0x24 c:/freescale/kds_v3/toolchain/bin/../lib/gcc/arm-none-eabi/4.8.4/../../../../arm-none-eabi/lib/armv6-m\libg_s.a(lib_a-sbrkr.o)
                0x00005aec                _sbrk_r
 .text._raise_r
                0x00005b10       0x56 c:/freescale/kds_v3/toolchain/bin/../lib/gcc/arm-none-eabi/4.8.4/../../../../arm-none-eabi/lib/armv6-m\libg_s.a(lib_a-signal.o)
                0x00005b10                _raise_r
 *fill*         0x00005b66        0x2 
 .text.raise    0x00005b68       0x14 c:/freescale/kds_v3/toolchain/bin/../lib/gcc/arm-none-eabi/4.8.4/../../../../arm-none-eabi/lib/armv6-m\libg_s.a(lib_a-signal.o)
                0x00005b68                raise
 .text._kill_r  0x00005b7c       0x24 c:/freescale/kds_v3/toolchain/bin/../lib/gcc/arm-none-eabi/4.8.4/../../../../arm-none-eabi/lib/armv6-m\libg_s.a(lib_a-signalr.o)
                0x00005b7c                _kill_r
 .text._getpid_r
                0x00005ba0        0x8 c:/freescale/kds_v3/toolchain/bin/../lib/gcc/arm-none-eabi/4.8.4/../../../../arm-none-eabi/lib/armv6-m\libg_s.a(lib_a-signalr.o)
                0x00005ba0                _getpid_r
 .text.__sread  0x00005ba8       0x28 c:/freescale/kds_v3/toolchain/bin/../lib/gcc/arm-none-eabi/4.8.4/../../../../arm-none-eabi/lib/armv6-m\libg_s.a(lib_a-stdio.o)
                0x00005ba8                __sread
 .text.__swrite
                0x00005bd0       0x38 c:/freescale/kds_v3/toolchain/bin/../lib/gcc/arm-none-eabi/4.8.4/../../../../arm-none-eabi/lib/armv6-m\libg_s.a(lib_a-stdio.o)
                0x00005bd0                __swrite
 .text.__sseek  0x00005c08       0x2c c:/freescale/kds_v3/toolchain/bin/../lib/gcc/arm-none-eabi/4.8.4/../../../../arm-none-eabi/lib/armv6-m\libg_s.a(lib_a-stdio.o)
                0x00005c08                __sseek
 .text.__sclose
                0x00005c34        0xc c:/freescale/kds_v3/toolchain/bin/../lib/gcc/arm-none-eabi/4.8.4/../../../../arm-none-eabi/lib/armv6-m\libg_s.a(lib_a-stdio.o)
                0x00005c34                __sclose
 .text._write_r
                0x00005c40       0x28 c:/freescale/kds_v3/toolchain/bin/../lib/gcc/arm-none-eabi/4.8.4/../../../../arm-none-eabi/lib/armv6-m\libg_s.a(lib_a-writer.o)
                0x00005c40                _write_r
 .text._close_r
                0x00005c68       0x24 c:/freescale/kds_v3/toolchain/bin/../lib/gcc/arm-none-eabi/4.8.4/../../../../arm-none-eabi/lib/armv6-m\libg_s.a(lib_a-closer.o)
                0x00005c68                _close_r
 .text._fstat_r
                0x00005c8c       0x24 c:/freescale/kds_v3/toolchain/bin/../lib/gcc/arm-none-eabi/4.8.4/../../../../arm-none-eabi/lib/armv6-m\libg_s.a(lib_a-fstatr.o)
                0x00005c8c                _fstat_r
 .text._isatty_r
                0x00005cb0       0x24 c:/freescale/kds_v3/toolchain/bin/../lib/gcc/arm-none-eabi/4.8.4/../../../../arm-none-eabi/lib/armv6-m\libg_s.a(lib_a-isattyr.o)
                0x00005cb0                _isatty_r
 .text._lseek_r
                0x00005cd4       0x28 c:/freescale/kds_v3/toolchain/bin/../lib/gcc/arm-none-eabi/4.8.4/../../../../arm-none-eabi/lib/armv6-m\libg_s.a(lib_a-lseekr.o)
                0x00005cd4                _lseek_r
 .text._read_r  0x00005cfc       0x28 c:/freescale/kds_v3/toolchain/bin/../lib/gcc/arm-none-eabi/4.8.4/../../../../arm-none-eabi/lib/armv6-m\libg_s.a(lib_a-readr.o)
                0x00005cfc                _read_r
 .text._close   0x00005d24       0x10 c:/freescale/kds_v3/toolchain/bin/../lib/gcc/arm-none-eabi/4.8.4/../../../../arm-none-eabi/lib/armv6-m\libnosys.a(close.o)
                0x00005d24                _close
 .text._fstat   0x00005d34       0x10 c:/freescale/kds_v3/toolchain/bin/../lib/gcc/arm-none-eabi/4.8.4/../../../../arm-none-eabi/lib/armv6-m\libnosys.a(fstat.o)
                0x00005d34                _fstat
 .text._getpid  0x00005d44       0x10 c:/freescale/kds_v3/toolchain/bin/../lib/gcc/arm-none-eabi/4.8.4/../../../../arm-none-eabi/lib/armv6-m\libnosys.a(getpid.o)
                0x00005d44                _getpid
 .text._isatty  0x00005d54       0x10 c:/freescale/kds_v3/toolchain/bin/../lib/gcc/arm-none-eabi/4.8.4/../../../../arm-none-eabi/lib/armv6-m\libnosys.a(isatty.o)
                0x00005d54                _isatty
 .text._kill    0x00005d64       0x10 c:/freescale/kds_v3/toolchain/bin/../lib/gcc/arm-none-eabi/4.8.4/../../../../arm-none-eabi/lib/armv6-m\libnosys.a(kill.o)
                0x00005d64                _kill
 .text._lseek   0x00005d74       0x10 c:/freescale/kds_v3/toolchain/bin/../lib/gcc/arm-none-eabi/4.8.4/../../../../arm-none-eabi/lib/armv6-m\libnosys.a(lseek.o)
                0x00005d74                _lseek
 .text._exit    0x00005d84        0x4 c:/freescale/kds_v3/toolchain/bin/../lib/gcc/arm-none-eabi/4.8.4/../../../../arm-none-eabi/lib/armv6-m\libnosys.a(_exit.o)
                0x00005d84                _exit
 *(.rodata)
 .rodata        0x00005d88        0x8 ./SDK/rtos/FreeRTOS/src/tasks.o
 .rodata        0x00005d90        0x8 ./SDK/rtos/FreeRTOS/src/timers.o
 .rodata        0x00005d98      0x21c ./SDK/platform/system/src/clock/MKL25Z4/fsl_clock_MKL25Z4.o
 .rodata        0x00005fb4       0xb8 ./SDK/platform/osa/src/fsl_os_abstraction_free_rtos.o
 .rodata        0x0000606c       0x48 ./SDK/platform/hal/src/i2c/fsl_i2c_hal.o
 .rodata        0x000060b4       0x38 ./SDK/platform/hal/src/gpio/fsl_gpio_hal.o
 .rodata        0x000060ec      0x114 ./SDK/platform/drivers/src/i2c/fsl_i2c_master_driver.o
 .rodata        0x00006200       0x5c ./SDK/platform/drivers/src/i2c/fsl_i2c_shared_function.o
 .rodata        0x0000625c      0x10c ./SDK/platform/drivers/src/i2c/fsl_i2c_slave_driver.o
 .rodata        0x00006368      0x15c ./SDK/platform/drivers/src/gpio/fsl_gpio_driver.o
 .rodata        0x000064c4        0xc ./Generated_Code/MainTask.o
 .rodata        0x000064d0        0x8 ./Generated_Code/Task1.o
 .rodata        0x000064d8       0x6c ./Generated_Code/pin_init.o
 *(.rodata*)
 .rodata.mma8451_parameters
                0x00006544        0x8 ./Sources/MMA1.o
                0x00006544                mma8451_parameters
 .rodata.addr.5998
                0x0000654c        0x1 ./Sources/MMA1.o
 .rodata.val.5999
                0x0000654d        0x1 ./Sources/MMA1.o
 *fill*         0x0000654e        0x2 
 .rodata.prvProcessReceivedCommands
                0x00006550       0x28 ./SDK/rtos/FreeRTOS/src/timers.o
 .rodata.portGateTable
                0x00006578        0x8 ./SDK/platform/system/src/clock/MKL25Z4/fsl_clock_MKL25Z4.o
 .rodata.i2cGateTable
                0x00006580        0x4 ./SDK/platform/system/src/clock/MKL25Z4/fsl_clock_MKL25Z4.o
 .rodata.__func__.6995
                0x00006584       0x1c ./SDK/platform/system/src/clock/MKL25Z4/fsl_clock_MKL25Z4.o
 .rodata.__func__.7047
                0x000065a0       0x1c ./SDK/platform/system/src/clock/MKL25Z4/fsl_clock_MKL25Z4.o
 .rodata.__func__.5714
                0x000065bc       0x10 ./SDK/platform/osa/src/fsl_os_abstraction_free_rtos.o
 .rodata.__func__.5720
                0x000065cc       0x10 ./SDK/platform/osa/src/fsl_os_abstraction_free_rtos.o
 .rodata.__func__.5731
                0x000065dc       0x10 ./SDK/platform/osa/src/fsl_os_abstraction_free_rtos.o
 .rodata.__func__.5774
                0x000065ec       0x10 ./SDK/platform/osa/src/fsl_os_abstraction_free_rtos.o
 .rodata.fllFactorTable.5325
                0x000065fc       0x10 ./SDK/platform/hal/src/mcg/fsl_mcg_hal.o
 .rodata.kI2CDividerTable
                0x0000660c       0xc8 ./SDK/platform/hal/src/i2c/fsl_i2c_hal.o
                0x0000660c                kI2CDividerTable
 .rodata.__func__.5300
                0x000066d4       0x14 ./SDK/platform/hal/src/i2c/fsl_i2c_hal.o
 .rodata.__func__.5175
                0x000066e8       0x14 ./SDK/platform/hal/src/gpio/fsl_gpio_hal.o
 .rodata.__func__.5181
                0x000066fc       0x18 ./SDK/platform/hal/src/gpio/fsl_gpio_hal.o
 .rodata.g_i2cBase
                0x00006714        0x8 ./SDK/platform/drivers/src/i2c/fsl_i2c_common.o
                0x00006714                g_i2cBase
 .rodata.g_i2cIrqId
                0x0000671c        0x4 ./SDK/platform/drivers/src/i2c/fsl_i2c_common.o
                0x0000671c                g_i2cIrqId
 .rodata.__func__.7308
                0x00006720       0x14 ./SDK/platform/drivers/src/i2c/fsl_i2c_master_driver.o
 .rodata.__func__.7265
                0x00006734       0x14 ./SDK/platform/drivers/src/i2c/fsl_i2c_master_driver.o
 .rodata.__func__.7320
                0x00006748       0x1c ./SDK/platform/drivers/src/i2c/fsl_i2c_master_driver.o
 .rodata.__func__.7379
                0x00006764       0x1c ./SDK/platform/drivers/src/i2c/fsl_i2c_master_driver.o
 .rodata.__func__.7392
                0x00006780       0x14 ./SDK/platform/drivers/src/i2c/fsl_i2c_master_driver.o
 .rodata.__func__.7400
                0x00006794       0x1c ./SDK/platform/drivers/src/i2c/fsl_i2c_master_driver.o
 .rodata.__func__.7411
                0x000067b0       0x14 ./SDK/platform/drivers/src/i2c/fsl_i2c_master_driver.o
 .rodata.__func__.7431
                0x000067c4       0x14 ./SDK/platform/drivers/src/i2c/fsl_i2c_master_driver.o
 .rodata.__func__.5280
                0x000067d8       0x14 ./SDK/platform/drivers/src/i2c/fsl_i2c_shared_function.o
 .rodata.__func__.7368
                0x000067ec       0x18 ./SDK/platform/drivers/src/i2c/fsl_i2c_slave_driver.o
 .rodata.g_gpioBase
                0x00006804       0x14 ./SDK/platform/drivers/src/gpio/fsl_gpio_common.o
                0x00006804                g_gpioBase
 .rodata.g_portBase
                0x00006818       0x14 ./SDK/platform/drivers/src/gpio/fsl_gpio_common.o
                0x00006818                g_portBase
 .rodata.g_portIrqId
                0x0000682c        0x8 ./SDK/platform/drivers/src/gpio/fsl_gpio_common.o
                0x0000682c                g_portIrqId
 .rodata.__func__.5094
                0x00006834       0x14 ./SDK/platform/drivers/src/gpio/fsl_gpio_driver.o
 .rodata.__func__.5070
                0x00006848       0x14 ./SDK/platform/drivers/src/gpio/fsl_gpio_driver.o
 .rodata.__func__.5082
                0x0000685c       0x20 ./SDK/platform/drivers/src/gpio/fsl_gpio_driver.o
 .rodata.__func__.5108
                0x0000687c       0x18 ./SDK/platform/drivers/src/gpio/fsl_gpio_driver.o
 .rodata.__func__.6588
                0x00006894       0x14 ./SDK/platform/drivers/src/gpio/fsl_gpio_driver.o
 .rodata.__func__.5076
                0x000068a8       0x1c ./SDK/platform/drivers/src/gpio/fsl_gpio_driver.o
 .rodata.__func__.5088
                0x000068c4       0x20 ./SDK/platform/drivers/src/gpio/fsl_gpio_driver.o
 .rodata.gpio1_InpConfig0
                0x000068e4        0x8 ./Generated_Code/gpio1.o
                0x000068e4                gpio1_InpConfig0
 .rodata.gpio1_OutConfig0
                0x000068ec       0x18 ./Generated_Code/gpio1.o
                0x000068ec                gpio1_OutConfig0
 .rodata.i2cCom1_MasterConfig0
                0x00006904        0x8 ./Generated_Code/i2cCom1.o
                0x00006904                i2cCom1_MasterConfig0
 .rodata.__func__.5094
                0x0000690c       0x14 ./Generated_Code/pin_init.o
 .rodata.str1.1
                0x00006920       0x3c c:/freescale/kds_v3/toolchain/bin/../lib/gcc/arm-none-eabi/4.8.4/../../../../arm-none-eabi/lib/armv6-m\libg_s.a(lib_a-assert.o)
                                 0x3d (size before relaxing)
 .rodata.str1.1
                0x0000695c        0x2 c:/freescale/kds_v3/toolchain/bin/../lib/gcc/arm-none-eabi/4.8.4/../../../../arm-none-eabi/lib/armv6-m\libg_s.a(lib_a-impure.o)
 *fill*         0x0000695e        0x2 
 .rodata._global_impure_ptr
                0x00006960        0x4 c:/freescale/kds_v3/toolchain/bin/../lib/gcc/arm-none-eabi/4.8.4/../../../../arm-none-eabi/lib/armv6-m\libg_s.a(lib_a-impure.o)
                0x00006960                _global_impure_ptr
 .rodata.str1.1
                0x00006964       0x11 c:/freescale/kds_v3/toolchain/bin/../lib/gcc/arm-none-eabi/4.8.4/../../../../arm-none-eabi/lib/armv6-m\libg_s.a(lib_a-vfprintf.o)
 .rodata.str1.1
                0x00006975       0x22 c:/freescale/kds_v3/toolchain/bin/../lib/gcc/arm-none-eabi/4.8.4/../../../../arm-none-eabi/lib/armv6-m\libg_s.a(lib_a-vfprintf_i.o)
 *fill*         0x00006997        0x1 
 .rodata.__sf_fake_stdin
                0x00006998       0x20 c:/freescale/kds_v3/toolchain/bin/../lib/gcc/arm-none-eabi/4.8.4/../../../../arm-none-eabi/lib/armv6-m\libg_s.a(lib_a-findfp.o)
                0x00006998                __sf_fake_stdin
 .rodata.__sf_fake_stdout
                0x000069b8       0x20 c:/freescale/kds_v3/toolchain/bin/../lib/gcc/arm-none-eabi/4.8.4/../../../../arm-none-eabi/lib/armv6-m\libg_s.a(lib_a-findfp.o)
                0x000069b8                __sf_fake_stdout
 .rodata.__sf_fake_stderr
                0x000069d8       0x20 c:/freescale/kds_v3/toolchain/bin/../lib/gcc/arm-none-eabi/4.8.4/../../../../arm-none-eabi/lib/armv6-m\libg_s.a(lib_a-findfp.o)
                0x000069d8                __sf_fake_stderr
 *(.glue_7)
 .glue_7        0x00000000        0x0 linker stubs
 *(.glue_7t)
 .glue_7t       0x00000000        0x0 linker stubs
 *(.eh_frame)
 .eh_frame      0x000069f8        0x0 c:/freescale/kds_v3/toolchain/bin/../lib/gcc/arm-none-eabi/4.8.4/armv6-m/crtbegin.o
 *(.init)
 .init          0x000069f8        0x4 c:/freescale/kds_v3/toolchain/bin/../lib/gcc/arm-none-eabi/4.8.4/armv6-m/crti.o
                0x000069f8                _init
 .init          0x000069fc        0x8 c:/freescale/kds_v3/toolchain/bin/../lib/gcc/arm-none-eabi/4.8.4/armv6-m/crtn.o
 *(.fini)
 .fini          0x00006a04        0x4 c:/freescale/kds_v3/toolchain/bin/../lib/gcc/arm-none-eabi/4.8.4/armv6-m/crti.o
                0x00006a04                _fini
 .fini          0x00006a08        0x8 c:/freescale/kds_v3/toolchain/bin/../lib/gcc/arm-none-eabi/4.8.4/armv6-m/crtn.o
                0x00006a10                . = ALIGN (0x4)

.vfp11_veneer   0x00006a10        0x0
 .vfp11_veneer  0x00000000        0x0 linker stubs

.v4_bx          0x00006a10        0x0
 .v4_bx         0x00000000        0x0 linker stubs

.iplt           0x00006a10        0x0
 .iplt          0x00000000        0x0 c:/freescale/kds_v3/toolchain/bin/../lib/gcc/arm-none-eabi/4.8.4/armv6-m/crtbegin.o

.ARM.extab
 *(.ARM.extab* .gnu.linkonce.armextab.*)

.ARM            0x00006a10        0x8
                0x00006a10                __exidx_start = .
 *(.ARM.exidx*)
 .ARM.exidx     0x00006a10        0x8 c:/freescale/kds_v3/toolchain/bin/../lib/gcc/arm-none-eabi/4.8.4/../../../../arm-none-eabi/lib/armv6-m/crt0.o
                0x00006a18                __exidx_end = .

.rel.dyn        0x00006a18        0x0
 .rel.iplt      0x00000000        0x0 c:/freescale/kds_v3/toolchain/bin/../lib/gcc/arm-none-eabi/4.8.4/armv6-m/crtbegin.o

.ctors          0x00006a18        0x0
                0x00006a18                __CTOR_LIST__ = .
 *crtbegin.o(.ctors)
 *crtbegin?.o(.ctors)
 *(EXCLUDE_FILE(*crtend.o *crtend?.o) .ctors)
 *(SORT(.ctors.*))
 *(.ctors)
                0x00006a18                __CTOR_END__ = .

.dtors          0x00006a18        0x0
                0x00006a18                __DTOR_LIST__ = .
 *crtbegin.o(.dtors)
 *crtbegin?.o(.dtors)
 *(EXCLUDE_FILE(*crtend.o *crtend?.o) .dtors)
 *(SORT(.dtors.*))
 *(.dtors)
                0x00006a18                __DTOR_END__ = .

.preinit_array  0x00006a18        0x0
                0x00006a18                PROVIDE (__preinit_array_start, .)
 *(.preinit_array*)
                0x00006a18                PROVIDE (__preinit_array_end, .)

.init_array     0x00006a18        0x4
                0x00006a18                PROVIDE (__init_array_start, .)
 *(SORT(.init_array.*))
 *(.init_array*)
 .init_array    0x00006a18        0x4 c:/freescale/kds_v3/toolchain/bin/../lib/gcc/arm-none-eabi/4.8.4/armv6-m/crtbegin.o
                0x00006a1c                PROVIDE (__init_array_end, .)

.fini_array     0x00006a1c        0x4
                0x00006a1c                PROVIDE (__fini_array_start, .)
 *(SORT(.fini_array.*))
 *(.fini_array*)
 .fini_array    0x00006a1c        0x4 c:/freescale/kds_v3/toolchain/bin/../lib/gcc/arm-none-eabi/4.8.4/armv6-m/crtbegin.o
                0x00006a20                PROVIDE (__fini_array_end, .)
                0x00006a20                __etext = .
                0x00006a20                __DATA_ROM = .

.mtb            0x1ffff200        0x0
                0x1ffff200                . = ALIGN (0x8)
                0x1ffff200                _mtb_start = .
 *(.mtb_buf)
                0x1ffff200                . = ALIGN (0x8)
                0x1ffff200                _mtb_end = .

.data           0x1ffff200       0x7c load address 0x00006a20
                0x1ffff200                . = ALIGN (0x4)
                0x1ffff200                __DATA_RAM = .
                0x1ffff200                __data_start__ = .
 *(.data)
 *(.data*)
 .data.xFreeBytesRemaining
                0x1ffff200        0x4 ./SDK/rtos/FreeRTOS/src/heap_2.o
 .data.xNextTaskUnblockTime
                0x1ffff204        0x4 ./SDK/rtos/FreeRTOS/src/tasks.o
 .data.uxCriticalNesting
                0x1ffff208        0x4 ./SDK/rtos/FreeRTOS/port/gcc/port.o
 .data.g_fastInternalRefClkFreq
                0x1ffff20c        0x4 ./SDK/platform/hal/src/mcg/fsl_mcg_hal.o
                0x1ffff20c                g_fastInternalRefClkFreq
 .data.g_slowInternalRefClkFreq
                0x1ffff210        0x4 ./SDK/platform/hal/src/mcg/fsl_mcg_hal.o
                0x1ffff210                g_slowInternalRefClkFreq
 .data.impure_data
                0x1ffff214       0x60 c:/freescale/kds_v3/toolchain/bin/../lib/gcc/arm-none-eabi/4.8.4/../../../../arm-none-eabi/lib/armv6-m\libg_s.a(lib_a-impure.o)
 .data._impure_ptr
                0x1ffff274        0x4 c:/freescale/kds_v3/toolchain/bin/../lib/gcc/arm-none-eabi/4.8.4/../../../../arm-none-eabi/lib/armv6-m\libg_s.a(lib_a-impure.o)
                0x1ffff274                _impure_ptr
 *(.jcr*)
 .jcr           0x1ffff278        0x0 c:/freescale/kds_v3/toolchain/bin/../lib/gcc/arm-none-eabi/4.8.4/armv6-m/crtbegin.o
 .jcr           0x1ffff278        0x4 c:/freescale/kds_v3/toolchain/bin/../lib/gcc/arm-none-eabi/4.8.4/armv6-m/crtend.o
                0x1ffff27c                . = ALIGN (0x4)
                0x1ffff27c                __data_end__ = .
                0x00006a9c                __DATA_END = (__DATA_ROM + (__data_end__ - __data_start__))

.igot.plt       0x1ffff27c        0x0 load address 0x00006a9c
 .igot.plt      0x00000000        0x0 c:/freescale/kds_v3/toolchain/bin/../lib/gcc/arm-none-eabi/4.8.4/armv6-m/crtbegin.o

.m_interrupts_ram
                0x1ffff000      0x200
                0x1ffff000                . = ALIGN (0x4)
                0x1ffff000                __m_interrupts_ram_RAMStart = .
 *(.m_interrupts_ram)
                0x1ffff200                . = (. + 0x200)
 *fill*         0x1ffff000      0x200 
                0x1ffff200                __m_interrupts_ram_RAMEnd = .
                0x1ffff200                . = ALIGN (0x4)
                0x00000200                __m_interrupts_ram_ROMSize = (__m_interrupts_ram_RAMEnd - __m_interrupts_ram_RAMStart)
                0x00000200                __RAM_VECTOR_TABLE_SIZE_BYTES = (__m_interrupts_ram_RAMEnd - __m_interrupts_ram_RAMStart)
                0x00020000                text_end = (ORIGIN (m_text) + 0x1fbf0)
                0x00006a9c                data_init_end = (__DATA_ROM + SIZEOF (.data))
                0x00000001                ASSERT ((data_init_end <= text_end), region m_text overflowed with text and data)

.bss            0x1ffff27c     0x2260 load address 0x00006a9c
                0x1ffff27c                . = ALIGN (0x4)
                0x1ffff27c                __START_BSS = .
                0x1ffff27c                __bss_start__ = .
 *(.bss)
 .bss           0x1ffff27c       0x1c c:/freescale/kds_v3/toolchain/bin/../lib/gcc/arm-none-eabi/4.8.4/armv6-m/crtbegin.o
 *(.bss*)
 .bss.sCalValues
                0x1ffff298        0x8 ./Sources/MMA1.o
 .bss.ucHeap    0x1ffff2a0     0x2000 ./SDK/rtos/FreeRTOS/src/heap_2.o
 .bss.xStart    0x200012a0        0x8 ./SDK/rtos/FreeRTOS/src/heap_2.o
 .bss.xEnd      0x200012a8        0x8 ./SDK/rtos/FreeRTOS/src/heap_2.o
 .bss.xHeapHasBeenInitialised.4627
                0x200012b0        0x4 ./SDK/rtos/FreeRTOS/src/heap_2.o
 .bss.pxCurrentTCB
                0x200012b4        0x4 ./SDK/rtos/FreeRTOS/src/tasks.o
                0x200012b4                pxCurrentTCB
 .bss.pxReadyTasksLists
                0x200012b8       0xa0 ./SDK/rtos/FreeRTOS/src/tasks.o
 .bss.xDelayedTaskList1
                0x20001358       0x14 ./SDK/rtos/FreeRTOS/src/tasks.o
 .bss.xDelayedTaskList2
                0x2000136c       0x14 ./SDK/rtos/FreeRTOS/src/tasks.o
 .bss.pxDelayedTaskList
                0x20001380        0x4 ./SDK/rtos/FreeRTOS/src/tasks.o
 .bss.pxOverflowDelayedTaskList
                0x20001384        0x4 ./SDK/rtos/FreeRTOS/src/tasks.o
 .bss.xPendingReadyList
                0x20001388       0x14 ./SDK/rtos/FreeRTOS/src/tasks.o
 .bss.xTasksWaitingTermination
                0x2000139c       0x14 ./SDK/rtos/FreeRTOS/src/tasks.o
 .bss.uxTasksDeleted
                0x200013b0        0x4 ./SDK/rtos/FreeRTOS/src/tasks.o
 .bss.xSuspendedTaskList
                0x200013b4       0x14 ./SDK/rtos/FreeRTOS/src/tasks.o
 .bss.uxCurrentNumberOfTasks
                0x200013c8        0x4 ./SDK/rtos/FreeRTOS/src/tasks.o
 .bss.xTickCount
                0x200013cc        0x4 ./SDK/rtos/FreeRTOS/src/tasks.o
 .bss.uxTopReadyPriority
                0x200013d0        0x4 ./SDK/rtos/FreeRTOS/src/tasks.o
 .bss.xSchedulerRunning
                0x200013d4        0x4 ./SDK/rtos/FreeRTOS/src/tasks.o
 .bss.uxPendedTicks
                0x200013d8        0x4 ./SDK/rtos/FreeRTOS/src/tasks.o
 .bss.xYieldPending
                0x200013dc        0x4 ./SDK/rtos/FreeRTOS/src/tasks.o
 .bss.xNumOfOverflows
                0x200013e0        0x4 ./SDK/rtos/FreeRTOS/src/tasks.o
 .bss.uxTaskNumber
                0x200013e4        0x4 ./SDK/rtos/FreeRTOS/src/tasks.o
 .bss.uxSchedulerSuspended
                0x200013e8        0x4 ./SDK/rtos/FreeRTOS/src/tasks.o
 .bss.xActiveTimerList1
                0x200013ec       0x14 ./SDK/rtos/FreeRTOS/src/timers.o
 .bss.xActiveTimerList2
                0x20001400       0x14 ./SDK/rtos/FreeRTOS/src/timers.o
 .bss.pxCurrentTimerList
                0x20001414        0x4 ./SDK/rtos/FreeRTOS/src/timers.o
 .bss.pxOverflowTimerList
                0x20001418        0x4 ./SDK/rtos/FreeRTOS/src/timers.o
 .bss.xTimerQueue
                0x2000141c        0x4 ./SDK/rtos/FreeRTOS/src/timers.o
 .bss.xLastTime.4863
                0x20001420        0x4 ./SDK/rtos/FreeRTOS/src/timers.o
 .bss.xJumpBuf  0x20001424       0x5c ./SDK/rtos/FreeRTOS/port/gcc/port.o
 .bss.s_debugConsole
                0x20001480       0x10 ./SDK/platform/utilities/src/fsl_debug_console.o
 .bss.heap_end.5561
                0x20001490        0x4 ./SDK/platform/utilities/src/fsl_misc_utilities.o
 .bss.g_i2cStatePtr
                0x20001494        0x8 ./SDK/platform/drivers/src/i2c/fsl_i2c_common.o
                0x20001494                g_i2cStatePtr
 .bss.MainTask_stack
                0x2000149c        0x4 ./Generated_Code/MainTask.o
                0x2000149c                MainTask_stack
 .bss.Task1_stack
                0x200014a0        0x4 ./Generated_Code/Task1.o
                0x200014a0                Task1_stack
 .bss.__malloc_sbrk_start
                0x200014a4        0x4 c:/freescale/kds_v3/toolchain/bin/../lib/gcc/arm-none-eabi/4.8.4/../../../../arm-none-eabi/lib/armv6-m\libg_s.a(lib_a-nano-mallocr.o)
                0x200014a4                __malloc_sbrk_start
 .bss.__malloc_free_list
                0x200014a8        0x4 c:/freescale/kds_v3/toolchain/bin/../lib/gcc/arm-none-eabi/4.8.4/../../../../arm-none-eabi/lib/armv6-m\libg_s.a(lib_a-nano-mallocr.o)
                0x200014a8                __malloc_free_list
 *(COMMON)
 COMMON         0x200014ac        0x8 ./SDK/platform/hal/src/mcg/fsl_mcg_hal.o
                0x200014ac                g_xtal0ClkFreq
                0x200014b0                g_xtalRtcClkFreq
 COMMON         0x200014b4        0x4 ./Generated_Code/MainTask.o
                0x200014b4                MainTask_task_handler
 COMMON         0x200014b8        0x4 ./Generated_Code/Task1.o
                0x200014b8                Task1_task_handler
 COMMON         0x200014bc       0x1c ./Generated_Code/i2cCom1.o
                0x200014bc                i2cCom1_MasterState
 COMMON         0x200014d8        0x4 c:/freescale/kds_v3/toolchain/bin/../lib/gcc/arm-none-eabi/4.8.4/../../../../arm-none-eabi/lib/armv6-m\libg_s.a(lib_a-reent.o)
                0x200014d8                errno
                0x200014dc                . = ALIGN (0x4)
                0x200014dc                __bss_end__ = .
                0x200014dc                __END_BSS = .

.heap           0x200014dc        0x4 load address 0x00008cfc
                0x200014e0                . = ALIGN (0x8)
 *fill*         0x200014dc        0x4 
                0x200014e0                __end__ = .
                0x200014e0                PROVIDE (end, .)
                0x200014e0                __HeapBase = .
                0x200014e0                . = (. + HEAP_SIZE)
                0x200014e0                __HeapLimit = .

.stack          0x200014e0      0x400 load address 0x00008d00
                0x200014e0                . = ALIGN (0x8)
                0x200018e0                . = (. + STACK_SIZE)
 *fill*         0x200014e0      0x400 
                0x20003000                __StackTop = (ORIGIN (m_data) + 0x3e00)
                0x20002c00                __StackLimit = (__StackTop - STACK_SIZE)
                0x20003000                PROVIDE (__stack, __StackTop)

.ARM.attributes
                0x00000000       0x28
 *(.ARM.attributes)
 .ARM.attributes
                0x00000000       0x1e c:/freescale/kds_v3/toolchain/bin/../lib/gcc/arm-none-eabi/4.8.4/armv6-m/crti.o
 .ARM.attributes
                0x0000001e       0x2c c:/freescale/kds_v3/toolchain/bin/../lib/gcc/arm-none-eabi/4.8.4/armv6-m/crtbegin.o
 .ARM.attributes
                0x0000004a       0x1b c:/freescale/kds_v3/toolchain/bin/../lib/gcc/arm-none-eabi/4.8.4/../../../../arm-none-eabi/lib/armv6-m/crt0.o
 .ARM.attributes
                0x00000065       0x32 ./Static_Code/System/PE_low_level_init.o
 .ARM.attributes
                0x00000097       0x32 ./Sources/Events.o
 .ARM.attributes
                0x000000c9       0x32 ./Sources/MMA1.o
 .ARM.attributes
                0x000000fb       0x32 ./Sources/main.o
 .ARM.attributes
                0x0000012d       0x32 ./Sources/os_tasks.o
 .ARM.attributes
                0x0000015f       0x32 ./Sources/rtos_main_task.o
 .ARM.attributes
                0x00000191       0x32 ./SDK/rtos/FreeRTOS/src/event_groups.o
 .ARM.attributes
                0x000001c3       0x32 ./SDK/rtos/FreeRTOS/src/heap_2.o
 .ARM.attributes
                0x000001f5       0x32 ./SDK/rtos/FreeRTOS/src/list.o
 .ARM.attributes
                0x00000227       0x32 ./SDK/rtos/FreeRTOS/src/queue.o
 .ARM.attributes
                0x00000259       0x32 ./SDK/rtos/FreeRTOS/src/tasks.o
 .ARM.attributes
                0x0000028b       0x32 ./SDK/rtos/FreeRTOS/src/timers.o
 .ARM.attributes
                0x000002bd       0x32 ./SDK/rtos/FreeRTOS/port/gcc/port.o
 .ARM.attributes
                0x000002ef       0x32 ./SDK/platform/utilities/src/fsl_debug_console.o
 .ARM.attributes
                0x00000321       0x32 ./SDK/platform/utilities/src/fsl_misc_utilities.o
 .ARM.attributes
                0x00000353       0x32 ./SDK/platform/system/src/clock/MKL25Z4/fsl_clock_MKL25Z4.o
 .ARM.attributes
                0x00000385       0x32 ./SDK/platform/osa/src/fsl_os_abstraction_free_rtos.o
 .ARM.attributes
                0x000003b7       0x32 ./SDK/platform/hal/src/mcg/fsl_mcg_hal.o
 .ARM.attributes
                0x000003e9       0x32 ./SDK/platform/hal/src/i2c/fsl_i2c_hal.o
 .ARM.attributes
                0x0000041b       0x32 ./SDK/platform/hal/src/gpio/fsl_gpio_hal.o
 .ARM.attributes
                0x0000044d       0x32 ./SDK/platform/drivers/src/i2c/fsl_i2c_common.o
 .ARM.attributes
                0x0000047f       0x32 ./SDK/platform/drivers/src/i2c/fsl_i2c_master_driver.o
 .ARM.attributes
                0x000004b1       0x32 ./SDK/platform/drivers/src/i2c/fsl_i2c_shared_function.o
 .ARM.attributes
                0x000004e3       0x32 ./SDK/platform/drivers/src/i2c/fsl_i2c_slave_driver.o
 .ARM.attributes
                0x00000515       0x32 ./SDK/platform/drivers/src/gpio/fsl_gpio_common.o
 .ARM.attributes
                0x00000547       0x32 ./SDK/platform/drivers/src/gpio/fsl_gpio_driver.o
 .ARM.attributes
                0x00000579       0x1b ./SDK/platform/devices/MKL25Z4/startup/gcc/startup_MKL25Z4.o
 .ARM.attributes
                0x00000594       0x32 ./SDK/platform/devices/MKL25Z4/startup/system_MKL25Z4.o
 .ARM.attributes
                0x000005c6       0x32 ./SDK/platform/devices/startup.o
 .ARM.attributes
                0x000005f8       0x32 ./Generated_Code/Cpu.o
 .ARM.attributes
                0x0000062a       0x32 ./Generated_Code/MainTask.o
 .ARM.attributes
                0x0000065c       0x32 ./Generated_Code/Task1.o
 .ARM.attributes
                0x0000068e       0x32 ./Generated_Code/gpio1.o
 .ARM.attributes
                0x000006c0       0x32 ./Generated_Code/hardware_init.o
 .ARM.attributes
                0x000006f2       0x32 ./Generated_Code/i2cCom1.o
 .ARM.attributes
                0x00000724       0x32 ./Generated_Code/pin_init.o
 .ARM.attributes
                0x00000756       0x1e c:/freescale/kds_v3/toolchain/bin/../lib/gcc/arm-none-eabi/4.8.4/armv6-m\libgcc.a(_udivsi3.o)
 .ARM.attributes
                0x00000774       0x1e c:/freescale/kds_v3/toolchain/bin/../lib/gcc/arm-none-eabi/4.8.4/armv6-m\libgcc.a(_dvmd_tls.o)
 .ARM.attributes
                0x00000792       0x2c c:/freescale/kds_v3/toolchain/bin/../lib/gcc/arm-none-eabi/4.8.4/../../../../arm-none-eabi/lib/armv6-m\libg_s.a(lib_a-assert.o)
 .ARM.attributes
                0x000007be       0x2c c:/freescale/kds_v3/toolchain/bin/../lib/gcc/arm-none-eabi/4.8.4/../../../../arm-none-eabi/lib/armv6-m\libg_s.a(lib_a-errno.o)
 .ARM.attributes
                0x000007ea       0x2c c:/freescale/kds_v3/toolchain/bin/../lib/gcc/arm-none-eabi/4.8.4/../../../../arm-none-eabi/lib/armv6-m\libg_s.a(lib_a-exit.o)
 .ARM.attributes
                0x00000816       0x2c c:/freescale/kds_v3/toolchain/bin/../lib/gcc/arm-none-eabi/4.8.4/../../../../arm-none-eabi/lib/armv6-m\libg_s.a(lib_a-fprintf.o)
 .ARM.attributes
                0x00000842       0x2c c:/freescale/kds_v3/toolchain/bin/../lib/gcc/arm-none-eabi/4.8.4/../../../../arm-none-eabi/lib/armv6-m\libg_s.a(lib_a-impure.o)
 .ARM.attributes
                0x0000086e       0x2c c:/freescale/kds_v3/toolchain/bin/../lib/gcc/arm-none-eabi/4.8.4/../../../../arm-none-eabi/lib/armv6-m\libg_s.a(lib_a-init.o)
 .ARM.attributes
                0x0000089a       0x2c c:/freescale/kds_v3/toolchain/bin/../lib/gcc/arm-none-eabi/4.8.4/../../../../arm-none-eabi/lib/armv6-m\libg_s.a(lib_a-memcpy-stub.o)
 .ARM.attributes
                0x000008c6       0x2c c:/freescale/kds_v3/toolchain/bin/../lib/gcc/arm-none-eabi/4.8.4/../../../../arm-none-eabi/lib/armv6-m\libg_s.a(lib_a-memset.o)
 .ARM.attributes
                0x000008f2       0x1c c:/freescale/kds_v3/toolchain/bin/../lib/gcc/arm-none-eabi/4.8.4/../../../../arm-none-eabi/lib/armv6-m\libg_s.a(lib_a-setjmp.o)
 .ARM.attributes
                0x0000090e       0x2c c:/freescale/kds_v3/toolchain/bin/../lib/gcc/arm-none-eabi/4.8.4/../../../../arm-none-eabi/lib/armv6-m\libg_s.a(lib_a-strlen.o)
 .ARM.attributes
                0x0000093a       0x2c c:/freescale/kds_v3/toolchain/bin/../lib/gcc/arm-none-eabi/4.8.4/../../../../arm-none-eabi/lib/armv6-m\libg_s.a(lib_a-vfprintf.o)
 .ARM.attributes
                0x00000966       0x2c c:/freescale/kds_v3/toolchain/bin/../lib/gcc/arm-none-eabi/4.8.4/../../../../arm-none-eabi/lib/armv6-m\libg_s.a(lib_a-vfprintf_i.o)
 .ARM.attributes
                0x00000992       0x2c c:/freescale/kds_v3/toolchain/bin/../lib/gcc/arm-none-eabi/4.8.4/../../../../arm-none-eabi/lib/armv6-m\libg_s.a(lib_a-wbuf.o)
 .ARM.attributes
                0x000009be       0x2c c:/freescale/kds_v3/toolchain/bin/../lib/gcc/arm-none-eabi/4.8.4/../../../../arm-none-eabi/lib/armv6-m\libg_s.a(lib_a-wsetup.o)
 .ARM.attributes
                0x000009ea       0x2c c:/freescale/kds_v3/toolchain/bin/../lib/gcc/arm-none-eabi/4.8.4/../../../../arm-none-eabi/lib/armv6-m\libg_s.a(lib_a-abort.o)
 .ARM.attributes
                0x00000a16       0x2c c:/freescale/kds_v3/toolchain/bin/../lib/gcc/arm-none-eabi/4.8.4/../../../../arm-none-eabi/lib/armv6-m\libg_s.a(lib_a-fflush.o)
 .ARM.attributes
                0x00000a42       0x2c c:/freescale/kds_v3/toolchain/bin/../lib/gcc/arm-none-eabi/4.8.4/../../../../arm-none-eabi/lib/armv6-m\libg_s.a(lib_a-findfp.o)
 .ARM.attributes
                0x00000a6e       0x2c c:/freescale/kds_v3/toolchain/bin/../lib/gcc/arm-none-eabi/4.8.4/../../../../arm-none-eabi/lib/armv6-m\libg_s.a(lib_a-makebuf.o)
 .ARM.attributes
                0x00000a9a       0x2c c:/freescale/kds_v3/toolchain/bin/../lib/gcc/arm-none-eabi/4.8.4/../../../../arm-none-eabi/lib/armv6-m\libg_s.a(lib_a-memchr-stub.o)
 .ARM.attributes
                0x00000ac6       0x2c c:/freescale/kds_v3/toolchain/bin/../lib/gcc/arm-none-eabi/4.8.4/../../../../arm-none-eabi/lib/armv6-m\libg_s.a(lib_a-nano-freer.o)
 .ARM.attributes
                0x00000af2       0x2c c:/freescale/kds_v3/toolchain/bin/../lib/gcc/arm-none-eabi/4.8.4/../../../../arm-none-eabi/lib/armv6-m\libg_s.a(lib_a-nano-mallocr.o)
 .ARM.attributes
                0x00000b1e       0x2c c:/freescale/kds_v3/toolchain/bin/../lib/gcc/arm-none-eabi/4.8.4/../../../../arm-none-eabi/lib/armv6-m\libg_s.a(lib_a-sbrkr.o)
 .ARM.attributes
                0x00000b4a       0x2c c:/freescale/kds_v3/toolchain/bin/../lib/gcc/arm-none-eabi/4.8.4/../../../../arm-none-eabi/lib/armv6-m\libg_s.a(lib_a-signal.o)
 .ARM.attributes
                0x00000b76       0x2c c:/freescale/kds_v3/toolchain/bin/../lib/gcc/arm-none-eabi/4.8.4/../../../../arm-none-eabi/lib/armv6-m\libg_s.a(lib_a-signalr.o)
 .ARM.attributes
                0x00000ba2       0x2c c:/freescale/kds_v3/toolchain/bin/../lib/gcc/arm-none-eabi/4.8.4/../../../../arm-none-eabi/lib/armv6-m\libg_s.a(lib_a-stdio.o)
 .ARM.attributes
                0x00000bce       0x2c c:/freescale/kds_v3/toolchain/bin/../lib/gcc/arm-none-eabi/4.8.4/../../../../arm-none-eabi/lib/armv6-m\libg_s.a(lib_a-writer.o)
 .ARM.attributes
                0x00000bfa       0x2c c:/freescale/kds_v3/toolchain/bin/../lib/gcc/arm-none-eabi/4.8.4/../../../../arm-none-eabi/lib/armv6-m\libg_s.a(lib_a-closer.o)
 .ARM.attributes
                0x00000c26       0x2c c:/freescale/kds_v3/toolchain/bin/../lib/gcc/arm-none-eabi/4.8.4/../../../../arm-none-eabi/lib/armv6-m\libg_s.a(lib_a-fstatr.o)
 .ARM.attributes
                0x00000c52       0x2c c:/freescale/kds_v3/toolchain/bin/../lib/gcc/arm-none-eabi/4.8.4/../../../../arm-none-eabi/lib/armv6-m\libg_s.a(lib_a-isattyr.o)
 .ARM.attributes
                0x00000c7e       0x2c c:/freescale/kds_v3/toolchain/bin/../lib/gcc/arm-none-eabi/4.8.4/../../../../arm-none-eabi/lib/armv6-m\libg_s.a(lib_a-lseekr.o)
 .ARM.attributes
                0x00000caa       0x2c c:/freescale/kds_v3/toolchain/bin/../lib/gcc/arm-none-eabi/4.8.4/../../../../arm-none-eabi/lib/armv6-m\libg_s.a(lib_a-readr.o)
 .ARM.attributes
                0x00000cd6       0x2c c:/freescale/kds_v3/toolchain/bin/../lib/gcc/arm-none-eabi/4.8.4/../../../../arm-none-eabi/lib/armv6-m\libg_s.a(lib_a-reent.o)
 .ARM.attributes
                0x00000d02       0x2c c:/freescale/kds_v3/toolchain/bin/../lib/gcc/arm-none-eabi/4.8.4/../../../../arm-none-eabi/lib/armv6-m\libnosys.a(close.o)
 .ARM.attributes
                0x00000d2e       0x2c c:/freescale/kds_v3/toolchain/bin/../lib/gcc/arm-none-eabi/4.8.4/../../../../arm-none-eabi/lib/armv6-m\libnosys.a(fstat.o)
 .ARM.attributes
                0x00000d5a       0x2c c:/freescale/kds_v3/toolchain/bin/../lib/gcc/arm-none-eabi/4.8.4/../../../../arm-none-eabi/lib/armv6-m\libnosys.a(getpid.o)
 .ARM.attributes
                0x00000d86       0x2c c:/freescale/kds_v3/toolchain/bin/../lib/gcc/arm-none-eabi/4.8.4/../../../../arm-none-eabi/lib/armv6-m\libnosys.a(isatty.o)
 .ARM.attributes
                0x00000db2       0x2c c:/freescale/kds_v3/toolchain/bin/../lib/gcc/arm-none-eabi/4.8.4/../../../../arm-none-eabi/lib/armv6-m\libnosys.a(kill.o)
 .ARM.attributes
                0x00000dde       0x2c c:/freescale/kds_v3/toolchain/bin/../lib/gcc/arm-none-eabi/4.8.4/../../../../arm-none-eabi/lib/armv6-m\libnosys.a(lseek.o)
 .ARM.attributes
                0x00000e0a       0x2c c:/freescale/kds_v3/toolchain/bin/../lib/gcc/arm-none-eabi/4.8.4/../../../../arm-none-eabi/lib/armv6-m\libnosys.a(_exit.o)
 .ARM.attributes
                0x00000e36       0x2c c:/freescale/kds_v3/toolchain/bin/../lib/gcc/arm-none-eabi/4.8.4/armv6-m/crtend.o
 .ARM.attributes
                0x00000e62       0x1e c:/freescale/kds_v3/toolchain/bin/../lib/gcc/arm-none-eabi/4.8.4/armv6-m/crtn.o
OUTPUT(acelerometroMMA.elf elf32-littlearm)

.debug_info     0x00000000     0xedbf
 .debug_info    0x00000000      0x1db ./Static_Code/System/PE_low_level_init.o
 .debug_info    0x000001db      0x1ca ./Sources/Events.o
 .debug_info    0x000003a5      0x998 ./Sources/MMA1.o
 .debug_info    0x00000d3d      0x1ce ./Sources/main.o
 .debug_info    0x00000f0b      0x1ea ./Sources/os_tasks.o
 .debug_info    0x000010f5      0x1f8 ./Sources/rtos_main_task.o
 .debug_info    0x000012ed      0x60e ./SDK/rtos/FreeRTOS/src/event_groups.o
 .debug_info    0x000018fb      0x2e2 ./SDK/rtos/FreeRTOS/src/heap_2.o
 .debug_info    0x00001bdd      0x2a1 ./SDK/rtos/FreeRTOS/src/list.o
 .debug_info    0x00001e7e      0xaff ./SDK/rtos/FreeRTOS/src/queue.o
 .debug_info    0x0000297d     0x12e1 ./SDK/rtos/FreeRTOS/src/tasks.o
 .debug_info    0x00003c5e      0x964 ./SDK/rtos/FreeRTOS/src/timers.o
 .debug_info    0x000045c2      0x29e ./SDK/rtos/FreeRTOS/port/gcc/port.o
 .debug_info    0x00004860      0xa71 ./SDK/platform/utilities/src/fsl_debug_console.o
 .debug_info    0x000052d1      0x16b ./SDK/platform/utilities/src/fsl_misc_utilities.o
 .debug_info    0x0000543c     0x17c9 ./SDK/platform/system/src/clock/MKL25Z4/fsl_clock_MKL25Z4.o
 .debug_info    0x00006c05      0xe95 ./SDK/platform/osa/src/fsl_os_abstraction_free_rtos.o
 .debug_info    0x00007a9a      0xc53 ./SDK/platform/hal/src/mcg/fsl_mcg_hal.o
 .debug_info    0x000086ed      0x966 ./SDK/platform/hal/src/i2c/fsl_i2c_hal.o
 .debug_info    0x00009053      0x2f0 ./SDK/platform/hal/src/gpio/fsl_gpio_hal.o
 .debug_info    0x00009343      0x2aa ./SDK/platform/drivers/src/i2c/fsl_i2c_common.o
 .debug_info    0x000095ed     0x117d ./SDK/platform/drivers/src/i2c/fsl_i2c_master_driver.o
 .debug_info    0x0000a76a      0x29a ./SDK/platform/drivers/src/i2c/fsl_i2c_shared_function.o
 .debug_info    0x0000aa04     0x1043 ./SDK/platform/drivers/src/i2c/fsl_i2c_slave_driver.o
 .debug_info    0x0000ba47      0x397 ./SDK/platform/drivers/src/gpio/fsl_gpio_common.o
 .debug_info    0x0000bdde      0xe80 ./SDK/platform/drivers/src/gpio/fsl_gpio_driver.o
 .debug_info    0x0000cc5e       0x99 ./SDK/platform/devices/MKL25Z4/startup/gcc/startup_MKL25Z4.o
 .debug_info    0x0000ccf7      0x672 ./SDK/platform/devices/MKL25Z4/startup/system_MKL25Z4.o
 .debug_info    0x0000d369      0x296 ./SDK/platform/devices/startup.o
 .debug_info    0x0000d5ff      0x508 ./Generated_Code/Cpu.o
 .debug_info    0x0000db07      0x254 ./Generated_Code/MainTask.o
 .debug_info    0x0000dd5b      0x254 ./Generated_Code/Task1.o
 .debug_info    0x0000dfaf      0x37f ./Generated_Code/gpio1.o
 .debug_info    0x0000e32e      0x3cf ./Generated_Code/hardware_init.o
 .debug_info    0x0000e6fd      0x357 ./Generated_Code/i2cCom1.o
 .debug_info    0x0000ea54      0x36b ./Generated_Code/pin_init.o

.debug_abbrev   0x00000000     0x308d
 .debug_abbrev  0x00000000       0xc4 ./Static_Code/System/PE_low_level_init.o
 .debug_abbrev  0x000000c4       0xc4 ./Sources/Events.o
 .debug_abbrev  0x00000188      0x23d ./Sources/MMA1.o
 .debug_abbrev  0x000003c5       0xc6 ./Sources/main.o
 .debug_abbrev  0x0000048b       0xdc ./Sources/os_tasks.o
 .debug_abbrev  0x00000567       0xeb ./Sources/rtos_main_task.o
 .debug_abbrev  0x00000652      0x11e ./SDK/rtos/FreeRTOS/src/event_groups.o
 .debug_abbrev  0x00000770      0x155 ./SDK/rtos/FreeRTOS/src/heap_2.o
 .debug_abbrev  0x000008c5       0xc1 ./SDK/rtos/FreeRTOS/src/list.o
 .debug_abbrev  0x00000986      0x142 ./SDK/rtos/FreeRTOS/src/queue.o
 .debug_abbrev  0x00000ac8      0x204 ./SDK/rtos/FreeRTOS/src/tasks.o
 .debug_abbrev  0x00000ccc      0x194 ./SDK/rtos/FreeRTOS/src/timers.o
 .debug_abbrev  0x00000e60      0x140 ./SDK/rtos/FreeRTOS/port/gcc/port.o
 .debug_abbrev  0x00000fa0      0x23a ./SDK/platform/utilities/src/fsl_debug_console.o
 .debug_abbrev  0x000011da       0xc4 ./SDK/platform/utilities/src/fsl_misc_utilities.o
 .debug_abbrev  0x0000129e      0x2f2 ./SDK/platform/system/src/clock/MKL25Z4/fsl_clock_MKL25Z4.o
 .debug_abbrev  0x00001590      0x221 ./SDK/platform/osa/src/fsl_os_abstraction_free_rtos.o
 .debug_abbrev  0x000017b1      0x237 ./SDK/platform/hal/src/mcg/fsl_mcg_hal.o
 .debug_abbrev  0x000019e8      0x244 ./SDK/platform/hal/src/i2c/fsl_i2c_hal.o
 .debug_abbrev  0x00001c2c      0x11b ./SDK/platform/hal/src/gpio/fsl_gpio_hal.o
 .debug_abbrev  0x00001d47       0xc7 ./SDK/platform/drivers/src/i2c/fsl_i2c_common.o
 .debug_abbrev  0x00001e0e      0x295 ./SDK/platform/drivers/src/i2c/fsl_i2c_master_driver.o
 .debug_abbrev  0x000020a3      0x132 ./SDK/platform/drivers/src/i2c/fsl_i2c_shared_function.o
 .debug_abbrev  0x000021d5      0x246 ./SDK/platform/drivers/src/i2c/fsl_i2c_slave_driver.o
 .debug_abbrev  0x0000241b       0xc0 ./SDK/platform/drivers/src/gpio/fsl_gpio_common.o
 .debug_abbrev  0x000024db      0x27a ./SDK/platform/drivers/src/gpio/fsl_gpio_driver.o
 .debug_abbrev  0x00002755       0x14 ./SDK/platform/devices/MKL25Z4/startup/gcc/startup_MKL25Z4.o
 .debug_abbrev  0x00002769      0x121 ./SDK/platform/devices/MKL25Z4/startup/system_MKL25Z4.o
 .debug_abbrev  0x0000288a       0xe9 ./SDK/platform/devices/startup.o
 .debug_abbrev  0x00002973      0x106 ./Generated_Code/Cpu.o
 .debug_abbrev  0x00002a79       0xf6 ./Generated_Code/MainTask.o
 .debug_abbrev  0x00002b6f       0xf6 ./Generated_Code/Task1.o
 .debug_abbrev  0x00002c65       0xef ./Generated_Code/gpio1.o
 .debug_abbrev  0x00002d54      0x10c ./Generated_Code/hardware_init.o
 .debug_abbrev  0x00002e60       0xf6 ./Generated_Code/i2cCom1.o
 .debug_abbrev  0x00002f56      0x137 ./Generated_Code/pin_init.o

.debug_aranges  0x00000000     0x1178
 .debug_aranges
                0x00000000       0x28 ./Static_Code/System/PE_low_level_init.o
 .debug_aranges
                0x00000028       0x20 ./Sources/Events.o
 .debug_aranges
                0x00000048      0x110 ./Sources/MMA1.o
 .debug_aranges
                0x00000158       0x20 ./Sources/main.o
 .debug_aranges
                0x00000178       0x20 ./Sources/os_tasks.o
 .debug_aranges
                0x00000198       0x20 ./Sources/rtos_main_task.o
 .debug_aranges
                0x000001b8       0x68 ./SDK/rtos/FreeRTOS/src/event_groups.o
 .debug_aranges
                0x00000220       0x40 ./SDK/rtos/FreeRTOS/src/heap_2.o
 .debug_aranges
                0x00000260       0x40 ./SDK/rtos/FreeRTOS/src/list.o
 .debug_aranges
                0x000002a0       0xe0 ./SDK/rtos/FreeRTOS/src/queue.o
 .debug_aranges
                0x00000380      0x1a0 ./SDK/rtos/FreeRTOS/src/tasks.o
 .debug_aranges
                0x00000520       0xa0 ./SDK/rtos/FreeRTOS/src/timers.o
 .debug_aranges
                0x000005c0       0xa0 ./SDK/rtos/FreeRTOS/port/gcc/port.o
 .debug_aranges
                0x00000660       0xa0 ./SDK/platform/utilities/src/fsl_debug_console.o
 .debug_aranges
                0x00000700       0x28 ./SDK/platform/utilities/src/fsl_misc_utilities.o
 .debug_aranges
                0x00000728      0x210 ./SDK/platform/system/src/clock/MKL25Z4/fsl_clock_MKL25Z4.o
 .debug_aranges
                0x00000938      0x148 ./SDK/platform/osa/src/fsl_os_abstraction_free_rtos.o
 .debug_aranges
                0x00000a80       0xf0 ./SDK/platform/hal/src/mcg/fsl_mcg_hal.o
 .debug_aranges
                0x00000b70       0xd0 ./SDK/platform/hal/src/i2c/fsl_i2c_hal.o
 .debug_aranges
                0x00000c40       0x38 ./SDK/platform/hal/src/gpio/fsl_gpio_hal.o
 .debug_aranges
                0x00000c78       0x18 ./SDK/platform/drivers/src/i2c/fsl_i2c_common.o
 .debug_aranges
                0x00000c90      0x120 ./SDK/platform/drivers/src/i2c/fsl_i2c_master_driver.o
 .debug_aranges
                0x00000db0       0x30 ./SDK/platform/drivers/src/i2c/fsl_i2c_shared_function.o
 .debug_aranges
                0x00000de0      0x100 ./SDK/platform/drivers/src/i2c/fsl_i2c_slave_driver.o
 .debug_aranges
                0x00000ee0       0x18 ./SDK/platform/drivers/src/gpio/fsl_gpio_common.o
 .debug_aranges
                0x00000ef8       0xf0 ./SDK/platform/drivers/src/gpio/fsl_gpio_driver.o
 .debug_aranges
                0x00000fe8       0x20 ./SDK/platform/devices/MKL25Z4/startup/gcc/startup_MKL25Z4.o
 .debug_aranges
                0x00001008       0x28 ./SDK/platform/devices/MKL25Z4/startup/system_MKL25Z4.o
 .debug_aranges
                0x00001030       0x20 ./SDK/platform/devices/startup.o
 .debug_aranges
                0x00001050       0x20 ./Generated_Code/Cpu.o
 .debug_aranges
                0x00001070       0x20 ./Generated_Code/MainTask.o
 .debug_aranges
                0x00001090       0x20 ./Generated_Code/Task1.o
 .debug_aranges
                0x000010b0       0x18 ./Generated_Code/gpio1.o
 .debug_aranges
                0x000010c8       0x28 ./Generated_Code/hardware_init.o
 .debug_aranges
                0x000010f0       0x18 ./Generated_Code/i2cCom1.o
 .debug_aranges
                0x00001108       0x70 ./Generated_Code/pin_init.o

.debug_ranges   0x00000000      0xf08
 .debug_ranges  0x00000000       0x18 ./Static_Code/System/PE_low_level_init.o
 .debug_ranges  0x00000018       0x10 ./Sources/Events.o
 .debug_ranges  0x00000028      0x100 ./Sources/MMA1.o
 .debug_ranges  0x00000128       0x10 ./Sources/main.o
 .debug_ranges  0x00000138       0x10 ./Sources/os_tasks.o
 .debug_ranges  0x00000148       0x10 ./Sources/rtos_main_task.o
 .debug_ranges  0x00000158       0x58 ./SDK/rtos/FreeRTOS/src/event_groups.o
 .debug_ranges  0x000001b0       0x30 ./SDK/rtos/FreeRTOS/src/heap_2.o
 .debug_ranges  0x000001e0       0x30 ./SDK/rtos/FreeRTOS/src/list.o
 .debug_ranges  0x00000210       0xd0 ./SDK/rtos/FreeRTOS/src/queue.o
 .debug_ranges  0x000002e0      0x190 ./SDK/rtos/FreeRTOS/src/tasks.o
 .debug_ranges  0x00000470       0x90 ./SDK/rtos/FreeRTOS/src/timers.o
 .debug_ranges  0x00000500       0x90 ./SDK/rtos/FreeRTOS/port/gcc/port.o
 .debug_ranges  0x00000590       0x90 ./SDK/platform/utilities/src/fsl_debug_console.o
 .debug_ranges  0x00000620       0x18 ./SDK/platform/utilities/src/fsl_misc_utilities.o
 .debug_ranges  0x00000638      0x200 ./SDK/platform/system/src/clock/MKL25Z4/fsl_clock_MKL25Z4.o
 .debug_ranges  0x00000838      0x138 ./SDK/platform/osa/src/fsl_os_abstraction_free_rtos.o
 .debug_ranges  0x00000970       0xe0 ./SDK/platform/hal/src/mcg/fsl_mcg_hal.o
 .debug_ranges  0x00000a50       0xc0 ./SDK/platform/hal/src/i2c/fsl_i2c_hal.o
 .debug_ranges  0x00000b10       0x28 ./SDK/platform/hal/src/gpio/fsl_gpio_hal.o
 .debug_ranges  0x00000b38      0x110 ./SDK/platform/drivers/src/i2c/fsl_i2c_master_driver.o
 .debug_ranges  0x00000c48       0x20 ./SDK/platform/drivers/src/i2c/fsl_i2c_shared_function.o
 .debug_ranges  0x00000c68       0xf0 ./SDK/platform/drivers/src/i2c/fsl_i2c_slave_driver.o
 .debug_ranges  0x00000d58       0xe0 ./SDK/platform/drivers/src/gpio/fsl_gpio_driver.o
 .debug_ranges  0x00000e38       0x18 ./SDK/platform/devices/MKL25Z4/startup/system_MKL25Z4.o
 .debug_ranges  0x00000e50       0x10 ./SDK/platform/devices/startup.o
 .debug_ranges  0x00000e60       0x10 ./Generated_Code/Cpu.o
 .debug_ranges  0x00000e70       0x10 ./Generated_Code/MainTask.o
 .debug_ranges  0x00000e80       0x10 ./Generated_Code/Task1.o
 .debug_ranges  0x00000e90       0x18 ./Generated_Code/hardware_init.o
 .debug_ranges  0x00000ea8       0x60 ./Generated_Code/pin_init.o

.debug_macro    0x00000000    0x18eea
 .debug_macro   0x00000000      0x3d4 ./Static_Code/System/PE_low_level_init.o
 .debug_macro   0x000003d4      0x80e ./Static_Code/System/PE_low_level_init.o
 .debug_macro   0x00000be2       0x11 ./Static_Code/System/PE_low_level_init.o
 .debug_macro   0x00000bf3       0x16 ./Static_Code/System/PE_low_level_init.o
 .debug_macro   0x00000c09       0x16 ./Static_Code/System/PE_low_level_init.o
 .debug_macro   0x00000c1f       0x44 ./Static_Code/System/PE_low_level_init.o
 .debug_macro   0x00000c63      0x209 ./Static_Code/System/PE_low_level_init.o
 .debug_macro   0x00000e6c       0x3a ./Static_Code/System/PE_low_level_init.o
 .debug_macro   0x00000ea6       0x3a ./Static_Code/System/PE_low_level_init.o
 .debug_macro   0x00000ee0       0x26 ./Static_Code/System/PE_low_level_init.o
 .debug_macro   0x00000f06      0x306 ./Static_Code/System/PE_low_level_init.o
 .debug_macro   0x0000120c       0xc6 ./Static_Code/System/PE_low_level_init.o
 .debug_macro   0x000012d2     0x8439 ./Static_Code/System/PE_low_level_init.o
 .debug_macro   0x0000970b       0x58 ./Static_Code/System/PE_low_level_init.o
 .debug_macro   0x00009763       0x35 ./Static_Code/System/PE_low_level_init.o
 .debug_macro   0x00009798       0xa3 ./Static_Code/System/PE_low_level_init.o
 .debug_macro   0x0000983b       0x16 ./Static_Code/System/PE_low_level_init.o
 .debug_macro   0x00009851      0x10e ./Static_Code/System/PE_low_level_init.o
 .debug_macro   0x0000995f       0x7f ./Static_Code/System/PE_low_level_init.o
 .debug_macro   0x000099de       0x52 ./Static_Code/System/PE_low_level_init.o
 .debug_macro   0x00009a30       0x16 ./Static_Code/System/PE_low_level_init.o
 .debug_macro   0x00009a46       0x43 ./Static_Code/System/PE_low_level_init.o
 .debug_macro   0x00009a89      0x180 ./Static_Code/System/PE_low_level_init.o
 .debug_macro   0x00009c09       0x22 ./Static_Code/System/PE_low_level_init.o
 .debug_macro   0x00009c2b       0x7c ./Static_Code/System/PE_low_level_init.o
 .debug_macro   0x00009ca7     0x7658 ./Static_Code/System/PE_low_level_init.o
 .debug_macro   0x000112ff     0x1108 ./Static_Code/System/PE_low_level_init.o
 .debug_macro   0x00012407       0x22 ./Static_Code/System/PE_low_level_init.o
 .debug_macro   0x00012429       0x16 ./Static_Code/System/PE_low_level_init.o
 .debug_macro   0x0001243f       0x10 ./Static_Code/System/PE_low_level_init.o
 .debug_macro   0x0001244f       0x11 ./Static_Code/System/PE_low_level_init.o
 .debug_macro   0x00012460       0x10 ./Static_Code/System/PE_low_level_init.o
 .debug_macro   0x00012470       0x10 ./Static_Code/System/PE_low_level_init.o
 .debug_macro   0x00012480       0x16 ./Static_Code/System/PE_low_level_init.o
 .debug_macro   0x00012496      0x203 ./Static_Code/System/PE_low_level_init.o
 .debug_macro   0x00012699       0x52 ./Static_Code/System/PE_low_level_init.o
 .debug_macro   0x000126eb       0xce ./Static_Code/System/PE_low_level_init.o
 .debug_macro   0x000127b9       0x10 ./Static_Code/System/PE_low_level_init.o
 .debug_macro   0x000127c9       0x1f ./Static_Code/System/PE_low_level_init.o
 .debug_macro   0x000127e8       0xc0 ./Static_Code/System/PE_low_level_init.o
 .debug_macro   0x000128a8       0x70 ./Static_Code/System/PE_low_level_init.o
 .debug_macro   0x00012918      0x337 ./Static_Code/System/PE_low_level_init.o
 .debug_macro   0x00012c4f       0xb0 ./Static_Code/System/PE_low_level_init.o
 .debug_macro   0x00012cff       0x7f ./Static_Code/System/PE_low_level_init.o
 .debug_macro   0x00012d7e       0x97 ./Static_Code/System/PE_low_level_init.o
 .debug_macro   0x00012e15       0x19 ./Static_Code/System/PE_low_level_init.o
 .debug_macro   0x00012e2e       0x3c ./Static_Code/System/PE_low_level_init.o
 .debug_macro   0x00012e6a       0x1c ./Static_Code/System/PE_low_level_init.o
 .debug_macro   0x00012e86       0x12 ./Static_Code/System/PE_low_level_init.o
 .debug_macro   0x00012e98       0x28 ./Static_Code/System/PE_low_level_init.o
 .debug_macro   0x00012ec0       0x22 ./Static_Code/System/PE_low_level_init.o
 .debug_macro   0x00012ee2       0x20 ./Static_Code/System/PE_low_level_init.o
 .debug_macro   0x00012f02       0x16 ./Static_Code/System/PE_low_level_init.o
 .debug_macro   0x00012f18       0x1c ./Static_Code/System/PE_low_level_init.o
 .debug_macro   0x00012f34      0x3ce ./Sources/Events.o
 .debug_macro   0x00013302      0x25c ./Sources/MMA1.o
 .debug_macro   0x0001355e       0x10 ./Sources/MMA1.o
 .debug_macro   0x0001356e       0x4a ./Sources/MMA1.o
 .debug_macro   0x000135b8      0x20f ./Sources/MMA1.o
 .debug_macro   0x000137c7       0x82 ./Sources/MMA1.o
 .debug_macro   0x00013849       0x66 ./Sources/MMA1.o
 .debug_macro   0x000138af      0x3ce ./Sources/main.o